<html>
<body>
<pre>
<h1>µVision Build Log</h1>
<h2>Tool Versions:</h2>
IDE-Version: ¶ÃVision V5.14.0.0
Copyright (C) 2015 ARM Ltd and ARM Germany GmbH. All rights reserved.
License Information: DD DD, DD, LIC=ZB456-DCR71-LCZJF-6DZWJ-1VVYT-LE13M
 
Tool Versions:
Toolchain:       MDK-ARM Standard  Version: 5.14.0.0
Toolchain Path:  D:\Keil_v5\ARM\ARMCC\Bin
C Compiler:      Armcc.exe V5.05 update 1 (build 106)
Assembler:       Armasm.exe V5.05 update 1 (build 106)
Linker/Locator:  ArmLink.exe V5.05 update 1 (build 106)
Library Manager: ArmAr.exe V5.05 update 1 (build 106)
Hex Converter:   FromElf.exe V5.05 update 1 (build 106)
CPU DLL:         SARMCM3.DLL V5.14.0.0
Dialog DLL:      DARMCM1.DLL V1.12.0.0
Target DLL:      Segger\JL2CM3.dll V2.99.13.0
Dialog DLL:      TARMCM1.DLL V1.9.0.0
 
<h2>Project:</h2>
E:\zhouchao\IOT-WORK\IOT-1-π≤œÌ”Í…°\»Ìº˛≥Ã–Ú\IOT-GXYS\IOT-GXYS-ucosii\Project\Project.uvprojx
Project File Date:  08/14/2019

<h2>Output:</h2>
Build target 'Project'
compiling ptu_app.c...
..\User\app\ptu_app.c(55): warning:  #223-D: function "OSTimeDly" declared implicitly
                OSTimeDly(1000);
..\User\app\ptu_app.c(56): warning:  #223-D: function "printf" declared implicitly
                printf("NVIC_SystemReset\r\n");
..\User\app\ptu_app.c(95): warning:  #223-D: function "printf" declared implicitly
                                                        printf("ip:%d.%d.%d.%d port:%d\r\n",data[8],data[9],data[10],data[11],(data[12] + (data[13]<<8)));
..\User\app\ptu_app.c(160): warning:  #177-D: variable "i" was declared but never referenced
        uint8_t buffer[1] = {0},i = 0;
..\User\app\ptu_app.c(173): warning:  #177-D: variable "i" was declared but never referenced
        uint8_t buffer[64] = {0},i = 0;
..\User\app\ptu_app.c(186): warning:  #177-D: variable "i" was declared but never referenced
        uint8_t buffer[64] = {0},i = 0;
..\User\app\ptu_app.c(199): warning:  #177-D: variable "i" was declared but never referenced
        uint8_t buffer[64] = {0},i = 0;
..\User\app\ptu_app.c: 7 warnings, 0 errors
linking...
Program Size: Code=25954 RO-data=706 RW-data=160 ZI-data=7544  
FromELF: creating hex file...
".\Output\Project.axf" - 0 Error(s), 7 Warning(s).

<h2>Collection of Component include folders:</h2>
  E:\zhouchao\IOT-WORK\IOT-1-π≤œÌ”Í…°\»Ìº˛≥Ã–Ú\IOT-GXYS\IOT-GXYS-ucosii\Project\RTE
  D:\Keil_v5\ARM\PACK\Keil\STM32F0xx_DFP\2.0.0

<h2>Collection of Component Files used:</h2>
</pre>
</body>
</html>
