<!doctype html public "-//w3c//dtd html 4.0 transitional//en">
<html><head>
<title>Static Call Graph - [.\Output\Project.axf]</title></head>
<body><HR>
<H1>Static Call Graph for image .\Output\Project.axf</H1><HR>
<BR><P>#&#060CALLGRAPH&#062# ARM Linker, 5050106: Last Updated: Mon Jun 17 16:31:15 2019
<BR><P>
<H3>Maximum Stack Usage =        592 bytes + Unknown(Functions without stacksize, Cycles, Untraceable Function Pointers)</H3><H3>
Call chain for Maximum Stack Depth:</H3>
App_Task_SEC &rArr; spiflash_test &rArr; SFLASH_WritePage &rArr; SFLASH_WaitForNoBusy &rArr; SFLASH_ReadSR &rArr; SPI_WriteReadByte
<P>
<H3>
Functions with no stack information
</H3><UL>
 <LI><a href="#[d7]">OS_CPU_SR_Save</a>
 <LI><a href="#[d8]">OS_CPU_SR_Restore</a>
 <LI><a href="#[ec]">OSStartHighRdy</a>
 <LI><a href="#[ea]">OSCtxSw</a>
 <LI><a href="#[e7]">OSIntCtxSw</a>
</UL>
</UL>
<P>
<H3>
Mutually Recursive functions
</H3> <LI><a href="#[4]">OS_CPU_PendSVHandler</a>&nbsp;&nbsp;&nbsp;&rArr;&nbsp;&nbsp;&nbsp;<a href="#[4]">OS_CPU_PendSVHandler</a><BR>
 <LI><a href="#[12]">ADC1_COMP_IRQHandler</a>&nbsp;&nbsp;&nbsp;&rArr;&nbsp;&nbsp;&nbsp;<a href="#[12]">ADC1_COMP_IRQHandler</a><BR>
</UL>
<P>
<H3>
Function Pointers
</H3><UL>
 <LI><a href="#[12]">ADC1_COMP_IRQHandler</a> from startup_stm32f0xx.o(.text) referenced from startup_stm32f0xx.o(RESET)
 <LI><a href="#[25]">App_Task_4G</a> from gprs_protocol_app.o(.text) referenced from main.o(.text)
 <LI><a href="#[24]">App_Task_SEC</a> from sec_app.o(.text) referenced from main.o(.text)
 <LI><a href="#[22]">CEC_IRQHandler</a> from startup_stm32f0xx.o(.text) referenced from startup_stm32f0xx.o(RESET)
 <LI><a href="#[f]">DMA1_Channel1_IRQHandler</a> from startup_stm32f0xx.o(.text) referenced from startup_stm32f0xx.o(RESET)
 <LI><a href="#[10]">DMA1_Channel2_3_IRQHandler</a> from startup_stm32f0xx.o(.text) referenced from startup_stm32f0xx.o(RESET)
 <LI><a href="#[11]">DMA1_Channel4_5_IRQHandler</a> from startup_stm32f0xx.o(.text) referenced from startup_stm32f0xx.o(RESET)
 <LI><a href="#[b]">EXTI0_1_IRQHandler</a> from startup_stm32f0xx.o(.text) referenced from startup_stm32f0xx.o(RESET)
 <LI><a href="#[c]">EXTI2_3_IRQHandler</a> from startup_stm32f0xx.o(.text) referenced from startup_stm32f0xx.o(RESET)
 <LI><a href="#[d]">EXTI4_15_IRQHandler</a> from startup_stm32f0xx.o(.text) referenced from startup_stm32f0xx.o(RESET)
 <LI><a href="#[9]">FLASH_IRQHandler</a> from startup_stm32f0xx.o(.text) referenced from startup_stm32f0xx.o(RESET)
 <LI><a href="#[2]">HardFault_Handler</a> from stm32f0xx_it.o(.text) referenced from startup_stm32f0xx.o(RESET)
 <LI><a href="#[1c]">I2C1_IRQHandler</a> from startup_stm32f0xx.o(.text) referenced from startup_stm32f0xx.o(RESET)
 <LI><a href="#[1d]">I2C2_IRQHandler</a> from startup_stm32f0xx.o(.text) referenced from startup_stm32f0xx.o(RESET)
 <LI><a href="#[1]">NMI_Handler</a> from stm32f0xx_it.o(.text) referenced from startup_stm32f0xx.o(RESET)
 <LI><a href="#[2b]">OSIntExit</a> from os_core.o(.text) referenced from os_cpu_a.o(.text)
 <LI><a href="#[2a]">OSTaskSwHook</a> from os_cpu_c.o(.text) referenced from os_cpu_a.o(.text)
 <LI><a href="#[4]">OS_CPU_PendSVHandler</a> from startup_stm32f0xx.o(.text) referenced from startup_stm32f0xx.o(RESET)
 <LI><a href="#[5]">OS_CPU_SysTickHandler</a> from os_cpu_c.o(.text) referenced from startup_stm32f0xx.o(RESET)
 <LI><a href="#[29]">OS_TaskIdle</a> from os_core.o(.text) referenced from os_core.o(.text)
 <LI><a href="#[28]">OS_TaskStat</a> from os_core.o(.text) referenced from os_core.o(.text)
 <LI><a href="#[7]">PVD_IRQHandler</a> from startup_stm32f0xx.o(.text) referenced from startup_stm32f0xx.o(RESET)
 <LI><a href="#[a]">RCC_IRQHandler</a> from startup_stm32f0xx.o(.text) referenced from startup_stm32f0xx.o(RESET)
 <LI><a href="#[8]">RTC_IRQHandler</a> from startup_stm32f0xx.o(.text) referenced from startup_stm32f0xx.o(RESET)
 <LI><a href="#[0]">Reset_Handler</a> from startup_stm32f0xx.o(.text) referenced from startup_stm32f0xx.o(RESET)
 <LI><a href="#[1e]">SPI1_IRQHandler</a> from startup_stm32f0xx.o(.text) referenced from startup_stm32f0xx.o(RESET)
 <LI><a href="#[1f]">SPI2_IRQHandler</a> from startup_stm32f0xx.o(.text) referenced from startup_stm32f0xx.o(RESET)
 <LI><a href="#[3]">SVC_Handler</a> from stm32f0xx_it.o(.text) referenced from startup_stm32f0xx.o(RESET)
 <LI><a href="#[26]">SystemInit</a> from system_stm32f0xx.o(.text) referenced from startup_stm32f0xx.o(.text)
 <LI><a href="#[18]">TIM14_IRQHandler</a> from startup_stm32f0xx.o(.text) referenced from startup_stm32f0xx.o(RESET)
 <LI><a href="#[19]">TIM15_IRQHandler</a> from startup_stm32f0xx.o(.text) referenced from startup_stm32f0xx.o(RESET)
 <LI><a href="#[1a]">TIM16_IRQHandler</a> from startup_stm32f0xx.o(.text) referenced from startup_stm32f0xx.o(RESET)
 <LI><a href="#[1b]">TIM17_IRQHandler</a> from startup_stm32f0xx.o(.text) referenced from startup_stm32f0xx.o(RESET)
 <LI><a href="#[13]">TIM1_BRK_UP_TRG_COM_IRQHandler</a> from startup_stm32f0xx.o(.text) referenced from startup_stm32f0xx.o(RESET)
 <LI><a href="#[14]">TIM1_CC_IRQHandler</a> from startup_stm32f0xx.o(.text) referenced from startup_stm32f0xx.o(RESET)
 <LI><a href="#[15]">TIM2_IRQHandler</a> from startup_stm32f0xx.o(.text) referenced from startup_stm32f0xx.o(RESET)
 <LI><a href="#[16]">TIM3_IRQHandler</a> from startup_stm32f0xx.o(.text) referenced from startup_stm32f0xx.o(RESET)
 <LI><a href="#[17]">TIM6_DAC_IRQHandler</a> from startup_stm32f0xx.o(.text) referenced from startup_stm32f0xx.o(RESET)
 <LI><a href="#[e]">TS_IRQHandler</a> from startup_stm32f0xx.o(.text) referenced from startup_stm32f0xx.o(RESET)
 <LI><a href="#[20]">USART1_IRQHandler</a> from startup_stm32f0xx.o(.text) referenced from startup_stm32f0xx.o(RESET)
 <LI><a href="#[21]">USART2_IRQHandler</a> from usart_4g.o(.text) referenced from startup_stm32f0xx.o(RESET)
 <LI><a href="#[6]">WWDG_IRQHandler</a> from startup_stm32f0xx.o(.text) referenced from startup_stm32f0xx.o(RESET)
 <LI><a href="#[27]">__main</a> from entry.o(.ARM.Collect$$$$00000000) referenced from startup_stm32f0xx.o(.text)
 <LI><a href="#[2c]">fputc</a> from usart.o(.text) referenced from printf5.o(i.__0printf$5)
 <LI><a href="#[23]">main</a> from main.o(.text) referenced from entry9a.o(.ARM.Collect$$$$0000000B)
</UL>
<P>
<H3>
Global Symbols
</H3>
<P><STRONG><a name="[27]"></a>__main</STRONG> (Thumb, 0 bytes, Stack size unknown bytes, entry.o(.ARM.Collect$$$$00000000))
<BR>[Address Reference Count : 1]<UL><LI> startup_stm32f0xx.o(.text)
</UL>
<P><STRONG><a name="[117]"></a>_main_stk</STRONG> (Thumb, 0 bytes, Stack size unknown bytes, entry2.o(.ARM.Collect$$$$00000001))

<P><STRONG><a name="[2d]"></a>_main_scatterload</STRONG> (Thumb, 0 bytes, Stack size unknown bytes, entry5.o(.ARM.Collect$$$$00000004))
<BR><BR>[Calls]<UL><LI><a href="#[2e]">&gt;&gt;</a>&nbsp;&nbsp;&nbsp;__scatterload
</UL>

<P><STRONG><a name="[114]"></a>__main_after_scatterload</STRONG> (Thumb, 0 bytes, Stack size unknown bytes, entry5.o(.ARM.Collect$$$$00000004))
<BR><BR>[Called By]<UL><LI><a href="#[2e]">&gt;&gt;</a>&nbsp;&nbsp;&nbsp;__scatterload
</UL>

<P><STRONG><a name="[118]"></a>_main_clock</STRONG> (Thumb, 0 bytes, Stack size unknown bytes, entry7b.o(.ARM.Collect$$$$00000008))

<P><STRONG><a name="[119]"></a>_main_cpp_init</STRONG> (Thumb, 0 bytes, Stack size unknown bytes, entry8b.o(.ARM.Collect$$$$0000000A))

<P><STRONG><a name="[11a]"></a>_main_init</STRONG> (Thumb, 0 bytes, Stack size unknown bytes, entry9a.o(.ARM.Collect$$$$0000000B))

<P><STRONG><a name="[11b]"></a>__rt_final_cpp</STRONG> (Thumb, 0 bytes, Stack size unknown bytes, entry10a.o(.ARM.Collect$$$$0000000D))

<P><STRONG><a name="[11c]"></a>__rt_final_exit</STRONG> (Thumb, 0 bytes, Stack size unknown bytes, entry11a.o(.ARM.Collect$$$$0000000F))

<P><STRONG><a name="[23]"></a>main</STRONG> (Thumb, 66 bytes, Stack size 8 bytes, main.o(.text))
<BR><BR>[Stack]<UL><LI>Max Depth = 148 + Unknown Stack Size
<LI>Call Chain = main &rArr; USART_Initializes &rArr; USART_Configuration &rArr; USART_Init &rArr; RCC_GetClocksFreq &rArr; __aeabi_uidivmod
</UL>
<BR>[Calls]<UL><LI><a href="#[32]">&gt;&gt;</a>&nbsp;&nbsp;&nbsp;USART_Initializes
<LI><a href="#[30]">&gt;&gt;</a>&nbsp;&nbsp;&nbsp;OS_CPU_SysTickInit
<LI><a href="#[34]">&gt;&gt;</a>&nbsp;&nbsp;&nbsp;OSTaskCreate
<LI><a href="#[35]">&gt;&gt;</a>&nbsp;&nbsp;&nbsp;OSStart
<LI><a href="#[33]">&gt;&gt;</a>&nbsp;&nbsp;&nbsp;OSSemCreate
<LI><a href="#[2f]">&gt;&gt;</a>&nbsp;&nbsp;&nbsp;OSInit
<LI><a href="#[31]">&gt;&gt;</a>&nbsp;&nbsp;&nbsp;LED_Configuration
</UL>
<BR>[Address Reference Count : 1]<UL><LI> entry9a.o(.ARM.Collect$$$$0000000B)
</UL>
<P><STRONG><a name="[11d]"></a>Delay</STRONG> (Thumb, 28 bytes, Stack size 8 bytes, main.o(.text), UNUSED)

<P><STRONG><a name="[3c]"></a>iwdg_init</STRONG> (Thumb, 32 bytes, Stack size 8 bytes, main.o(.text), UNUSED)
<BR><BR>[Calls]<UL><LI><a href="#[3d]">&gt;&gt;</a>&nbsp;&nbsp;&nbsp;IWDG_WriteAccessCmd
<LI><a href="#[3f]">&gt;&gt;</a>&nbsp;&nbsp;&nbsp;IWDG_SetReload
<LI><a href="#[3e]">&gt;&gt;</a>&nbsp;&nbsp;&nbsp;IWDG_SetPrescaler
<LI><a href="#[40]">&gt;&gt;</a>&nbsp;&nbsp;&nbsp;IWDG_ReloadCounter
<LI><a href="#[41]">&gt;&gt;</a>&nbsp;&nbsp;&nbsp;IWDG_Enable
</UL>

<P><STRONG><a name="[42]"></a>iwdg_feed</STRONG> (Thumb, 8 bytes, Stack size 8 bytes, main.o(.text))
<BR><BR>[Stack]<UL><LI>Max Depth = 8<LI>Call Chain = iwdg_feed
</UL>
<BR>[Calls]<UL><LI><a href="#[40]">&gt;&gt;</a>&nbsp;&nbsp;&nbsp;IWDG_ReloadCounter
</UL>
<BR>[Called By]<UL><LI><a href="#[24]">&gt;&gt;</a>&nbsp;&nbsp;&nbsp;App_Task_SEC
</UL>

<P><STRONG><a name="[1]"></a>NMI_Handler</STRONG> (Thumb, 2 bytes, Stack size 0 bytes, stm32f0xx_it.o(.text))
<BR>[Address Reference Count : 1]<UL><LI> startup_stm32f0xx.o(RESET)
</UL>
<P><STRONG><a name="[2]"></a>HardFault_Handler</STRONG> (Thumb, 4 bytes, Stack size 0 bytes, stm32f0xx_it.o(.text))
<BR>[Address Reference Count : 1]<UL><LI> startup_stm32f0xx.o(RESET)
</UL>
<P><STRONG><a name="[3]"></a>SVC_Handler</STRONG> (Thumb, 2 bytes, Stack size 0 bytes, stm32f0xx_it.o(.text))
<BR>[Address Reference Count : 1]<UL><LI> startup_stm32f0xx.o(RESET)
</UL>
<P><STRONG><a name="[24]"></a>App_Task_SEC</STRONG> (Thumb, 248 bytes, Stack size 8 bytes, sec_app.o(.text))
<BR><BR>[Stack]<UL><LI>Max Depth = 592 + Unknown Stack Size
<LI>Call Chain = App_Task_SEC &rArr; spiflash_test &rArr; SFLASH_WritePage &rArr; SFLASH_WaitForNoBusy &rArr; SFLASH_ReadSR &rArr; SPI_WriteReadByte
</UL>
<BR>[Calls]<UL><LI><a href="#[45]">&gt;&gt;</a>&nbsp;&nbsp;&nbsp;wtn6170_gpio_init
<LI><a href="#[46]">&gt;&gt;</a>&nbsp;&nbsp;&nbsp;usart_4g_init
<LI><a href="#[48]">&gt;&gt;</a>&nbsp;&nbsp;&nbsp;spiflash_test
<LI><a href="#[50]">&gt;&gt;</a>&nbsp;&nbsp;&nbsp;spi_nfc_read_func
<LI><a href="#[43]">&gt;&gt;</a>&nbsp;&nbsp;&nbsp;spi_nfc_init
<LI><a href="#[47]">&gt;&gt;</a>&nbsp;&nbsp;&nbsp;spi_flash_init
<LI><a href="#[4f]">&gt;&gt;</a>&nbsp;&nbsp;&nbsp;sim7600_stat_check
<LI><a href="#[51]">&gt;&gt;</a>&nbsp;&nbsp;&nbsp;sim7600_send_register_data
<LI><a href="#[52]">&gt;&gt;</a>&nbsp;&nbsp;&nbsp;sim7600_send_lifesignal_data
<LI><a href="#[44]">&gt;&gt;</a>&nbsp;&nbsp;&nbsp;signal_motro_gpio_init
<LI><a href="#[4e]">&gt;&gt;</a>&nbsp;&nbsp;&nbsp;led_ctrl_func
<LI><a href="#[4a]">&gt;&gt;</a>&nbsp;&nbsp;&nbsp;get_umbrella_info
<LI><a href="#[4c]">&gt;&gt;</a>&nbsp;&nbsp;&nbsp;get_device_info
<LI><a href="#[3b]">&gt;&gt;</a>&nbsp;&nbsp;&nbsp;OSTimeDly
<LI><a href="#[42]">&gt;&gt;</a>&nbsp;&nbsp;&nbsp;iwdg_feed
<LI><a href="#[49]">&gt;&gt;</a>&nbsp;&nbsp;&nbsp;__aeabi_memclr
<LI><a href="#[4d]">&gt;&gt;</a>&nbsp;&nbsp;&nbsp;__aeabi_idivmod
<LI><a href="#[4b]">&gt;&gt;</a>&nbsp;&nbsp;&nbsp;__2printf
</UL>
<BR>[Address Reference Count : 1]<UL><LI> main.o(.text)
</UL>
<P><STRONG><a name="[53]"></a>spi_flash_config</STRONG> (Thumb, 82 bytes, Stack size 24 bytes, spi_flash.o(.text))
<BR><BR>[Stack]<UL><LI>Max Depth = 32<LI>Call Chain = spi_flash_config &rArr; SPI_Init
</UL>
<BR>[Calls]<UL><LI><a href="#[56]">&gt;&gt;</a>&nbsp;&nbsp;&nbsp;SPI_RxFIFOThresholdConfig
<LI><a href="#[55]">&gt;&gt;</a>&nbsp;&nbsp;&nbsp;SPI_Init
<LI><a href="#[57]">&gt;&gt;</a>&nbsp;&nbsp;&nbsp;SPI_Cmd
<LI><a href="#[54]">&gt;&gt;</a>&nbsp;&nbsp;&nbsp;RCC_APB1PeriphClockCmd
</UL>
<BR>[Called By]<UL><LI><a href="#[47]">&gt;&gt;</a>&nbsp;&nbsp;&nbsp;spi_flash_init
</UL>

<P><STRONG><a name="[58]"></a>spi_flash_gpio_init</STRONG> (Thumb, 160 bytes, Stack size 16 bytes, spi_flash.o(.text))
<BR><BR>[Stack]<UL><LI>Max Depth = 36<LI>Call Chain = spi_flash_gpio_init &rArr; GPIO_PinAFConfig
</UL>
<BR>[Calls]<UL><LI><a href="#[59]">&gt;&gt;</a>&nbsp;&nbsp;&nbsp;RCC_AHBPeriphClockCmd
<LI><a href="#[5c]">&gt;&gt;</a>&nbsp;&nbsp;&nbsp;GPIO_SetBits
<LI><a href="#[5b]">&gt;&gt;</a>&nbsp;&nbsp;&nbsp;GPIO_PinAFConfig
<LI><a href="#[5a]">&gt;&gt;</a>&nbsp;&nbsp;&nbsp;GPIO_Init
</UL>
<BR>[Called By]<UL><LI><a href="#[47]">&gt;&gt;</a>&nbsp;&nbsp;&nbsp;spi_flash_init
</UL>

<P><STRONG><a name="[47]"></a>spi_flash_init</STRONG> (Thumb, 12 bytes, Stack size 8 bytes, spi_flash.o(.text))
<BR><BR>[Stack]<UL><LI>Max Depth = 44<LI>Call Chain = spi_flash_init &rArr; spi_flash_gpio_init &rArr; GPIO_PinAFConfig
</UL>
<BR>[Calls]<UL><LI><a href="#[58]">&gt;&gt;</a>&nbsp;&nbsp;&nbsp;spi_flash_gpio_init
<LI><a href="#[53]">&gt;&gt;</a>&nbsp;&nbsp;&nbsp;spi_flash_config
</UL>
<BR>[Called By]<UL><LI><a href="#[24]">&gt;&gt;</a>&nbsp;&nbsp;&nbsp;App_Task_SEC
</UL>

<P><STRONG><a name="[5d]"></a>SPI_WriteReadByte</STRONG> (Thumb, 48 bytes, Stack size 8 bytes, spi_flash.o(.text))
<BR><BR>[Stack]<UL><LI>Max Depth = 8<LI>Call Chain = SPI_WriteReadByte
</UL>
<BR>[Calls]<UL><LI><a href="#[5e]">&gt;&gt;</a>&nbsp;&nbsp;&nbsp;SPI_SendData8
<LI><a href="#[5f]">&gt;&gt;</a>&nbsp;&nbsp;&nbsp;SPI_ReceiveData8
</UL>
<BR>[Called By]<UL><LI><a href="#[a7]">&gt;&gt;</a>&nbsp;&nbsp;&nbsp;SFLASH_WAKEUP
<LI><a href="#[a6]">&gt;&gt;</a>&nbsp;&nbsp;&nbsp;SFLASH_PowerDown
<LI><a href="#[a5]">&gt;&gt;</a>&nbsp;&nbsp;&nbsp;SFLASH_EraseChip
<LI><a href="#[a4]">&gt;&gt;</a>&nbsp;&nbsp;&nbsp;SFLASH_EraseBlock
<LI><a href="#[a0]">&gt;&gt;</a>&nbsp;&nbsp;&nbsp;SFLASH_FastReadNByte
<LI><a href="#[9f]">&gt;&gt;</a>&nbsp;&nbsp;&nbsp;SFLASH_WriteSR
<LI><a href="#[9e]">&gt;&gt;</a>&nbsp;&nbsp;&nbsp;SFLASH_ReadSR
<LI><a href="#[9d]">&gt;&gt;</a>&nbsp;&nbsp;&nbsp;SFLASH_WriteDisable
<LI><a href="#[9c]">&gt;&gt;</a>&nbsp;&nbsp;&nbsp;SFLASH_WriteEnable
<LI><a href="#[62]">&gt;&gt;</a>&nbsp;&nbsp;&nbsp;SFLASH_WritePage
<LI><a href="#[63]">&gt;&gt;</a>&nbsp;&nbsp;&nbsp;SFLASH_ReadNByte
<LI><a href="#[60]">&gt;&gt;</a>&nbsp;&nbsp;&nbsp;SFLASH_ReadID
<LI><a href="#[61]">&gt;&gt;</a>&nbsp;&nbsp;&nbsp;SFLASH_EraseSector
</UL>

<P><STRONG><a name="[48]"></a>spiflash_test</STRONG> (Thumb, 180 bytes, Stack size 544 bytes, spi_flash.o(.text))
<BR><BR>[Stack]<UL><LI>Max Depth = 584<LI>Call Chain = spiflash_test &rArr; SFLASH_WritePage &rArr; SFLASH_WaitForNoBusy &rArr; SFLASH_ReadSR &rArr; SPI_WriteReadByte
</UL>
<BR>[Calls]<UL><LI><a href="#[62]">&gt;&gt;</a>&nbsp;&nbsp;&nbsp;SFLASH_WritePage
<LI><a href="#[63]">&gt;&gt;</a>&nbsp;&nbsp;&nbsp;SFLASH_ReadNByte
<LI><a href="#[60]">&gt;&gt;</a>&nbsp;&nbsp;&nbsp;SFLASH_ReadID
<LI><a href="#[61]">&gt;&gt;</a>&nbsp;&nbsp;&nbsp;SFLASH_EraseSector
<LI><a href="#[4b]">&gt;&gt;</a>&nbsp;&nbsp;&nbsp;__2printf
</UL>
<BR>[Called By]<UL><LI><a href="#[24]">&gt;&gt;</a>&nbsp;&nbsp;&nbsp;App_Task_SEC
</UL>

<P><STRONG><a name="[4a]"></a>get_umbrella_info</STRONG> (Thumb, 56 bytes, Stack size 272 bytes, spi_flash.o(.text))
<BR><BR>[Stack]<UL><LI>Max Depth = 296<LI>Call Chain = get_umbrella_info &rArr; SFLASH_ReadNByte &rArr; SPI_WriteReadByte
</UL>
<BR>[Calls]<UL><LI><a href="#[63]">&gt;&gt;</a>&nbsp;&nbsp;&nbsp;SFLASH_ReadNByte
<LI><a href="#[64]">&gt;&gt;</a>&nbsp;&nbsp;&nbsp;__aeabi_memclr4
<LI><a href="#[65]">&gt;&gt;</a>&nbsp;&nbsp;&nbsp;__aeabi_memmove
</UL>
<BR>[Called By]<UL><LI><a href="#[24]">&gt;&gt;</a>&nbsp;&nbsp;&nbsp;App_Task_SEC
</UL>

<P><STRONG><a name="[66]"></a>update_umbrella_info</STRONG> (Thumb, 62 bytes, Stack size 272 bytes, spi_flash.o(.text), UNUSED)
<BR><BR>[Calls]<UL><LI><a href="#[62]">&gt;&gt;</a>&nbsp;&nbsp;&nbsp;SFLASH_WritePage
<LI><a href="#[61]">&gt;&gt;</a>&nbsp;&nbsp;&nbsp;SFLASH_EraseSector
<LI><a href="#[64]">&gt;&gt;</a>&nbsp;&nbsp;&nbsp;__aeabi_memclr4
<LI><a href="#[65]">&gt;&gt;</a>&nbsp;&nbsp;&nbsp;__aeabi_memmove
</UL>

<P><STRONG><a name="[4c]"></a>get_device_info</STRONG> (Thumb, 172 bytes, Stack size 528 bytes, spi_flash.o(.text))
<BR><BR>[Stack]<UL><LI>Max Depth = 568<LI>Call Chain = get_device_info &rArr; SFLASH_WritePage &rArr; SFLASH_WaitForNoBusy &rArr; SFLASH_ReadSR &rArr; SPI_WriteReadByte
</UL>
<BR>[Calls]<UL><LI><a href="#[62]">&gt;&gt;</a>&nbsp;&nbsp;&nbsp;SFLASH_WritePage
<LI><a href="#[63]">&gt;&gt;</a>&nbsp;&nbsp;&nbsp;SFLASH_ReadNByte
<LI><a href="#[61]">&gt;&gt;</a>&nbsp;&nbsp;&nbsp;SFLASH_EraseSector
<LI><a href="#[64]">&gt;&gt;</a>&nbsp;&nbsp;&nbsp;__aeabi_memclr4
<LI><a href="#[65]">&gt;&gt;</a>&nbsp;&nbsp;&nbsp;__aeabi_memmove
<LI><a href="#[4b]">&gt;&gt;</a>&nbsp;&nbsp;&nbsp;__2printf
</UL>
<BR>[Called By]<UL><LI><a href="#[24]">&gt;&gt;</a>&nbsp;&nbsp;&nbsp;App_Task_SEC
</UL>

<P><STRONG><a name="[67]"></a>gprs_protocol_data_send</STRONG> (Thumb, 124 bytes, Stack size 168 bytes, gprs_protocol_app.o(.text))
<BR><BR>[Stack]<UL><LI>Max Depth = 208<LI>Call Chain = gprs_protocol_data_send &rArr; usart_4g_send_data &rArr; __2printf
</UL>
<BR>[Calls]<UL><LI><a href="#[68]">&gt;&gt;</a>&nbsp;&nbsp;&nbsp;usart_4g_send_data
<LI><a href="#[64]">&gt;&gt;</a>&nbsp;&nbsp;&nbsp;__aeabi_memclr4
</UL>
<BR>[Called By]<UL><LI><a href="#[78]">&gt;&gt;</a>&nbsp;&nbsp;&nbsp;sim7600_send_umbrella_data
<LI><a href="#[6c]">&gt;&gt;</a>&nbsp;&nbsp;&nbsp;sim7600_reply_pickup_data
<LI><a href="#[6b]">&gt;&gt;</a>&nbsp;&nbsp;&nbsp;sim7600_reply_unlocking_data
<LI><a href="#[6a]">&gt;&gt;</a>&nbsp;&nbsp;&nbsp;sim7600_reply_return_data
<LI><a href="#[69]">&gt;&gt;</a>&nbsp;&nbsp;&nbsp;sim7600_reply_add_data
<LI><a href="#[51]">&gt;&gt;</a>&nbsp;&nbsp;&nbsp;sim7600_send_register_data
<LI><a href="#[52]">&gt;&gt;</a>&nbsp;&nbsp;&nbsp;sim7600_send_lifesignal_data
</UL>

<P><STRONG><a name="[69]"></a>sim7600_reply_add_data</STRONG> (Thumb, 24 bytes, Stack size 16 bytes, gprs_protocol_app.o(.text))
<BR><BR>[Stack]<UL><LI>Max Depth = 224<LI>Call Chain = sim7600_reply_add_data &rArr; gprs_protocol_data_send &rArr; usart_4g_send_data &rArr; __2printf
</UL>
<BR>[Calls]<UL><LI><a href="#[67]">&gt;&gt;</a>&nbsp;&nbsp;&nbsp;gprs_protocol_data_send
</UL>
<BR>[Called By]<UL><LI><a href="#[6d]">&gt;&gt;</a>&nbsp;&nbsp;&nbsp;protocol_deal
</UL>

<P><STRONG><a name="[6a]"></a>sim7600_reply_return_data</STRONG> (Thumb, 24 bytes, Stack size 16 bytes, gprs_protocol_app.o(.text))
<BR><BR>[Stack]<UL><LI>Max Depth = 224<LI>Call Chain = sim7600_reply_return_data &rArr; gprs_protocol_data_send &rArr; usart_4g_send_data &rArr; __2printf
</UL>
<BR>[Calls]<UL><LI><a href="#[67]">&gt;&gt;</a>&nbsp;&nbsp;&nbsp;gprs_protocol_data_send
</UL>
<BR>[Called By]<UL><LI><a href="#[6d]">&gt;&gt;</a>&nbsp;&nbsp;&nbsp;protocol_deal
</UL>

<P><STRONG><a name="[6b]"></a>sim7600_reply_unlocking_data</STRONG> (Thumb, 24 bytes, Stack size 16 bytes, gprs_protocol_app.o(.text))
<BR><BR>[Stack]<UL><LI>Max Depth = 224<LI>Call Chain = sim7600_reply_unlocking_data &rArr; gprs_protocol_data_send &rArr; usart_4g_send_data &rArr; __2printf
</UL>
<BR>[Calls]<UL><LI><a href="#[67]">&gt;&gt;</a>&nbsp;&nbsp;&nbsp;gprs_protocol_data_send
</UL>
<BR>[Called By]<UL><LI><a href="#[6d]">&gt;&gt;</a>&nbsp;&nbsp;&nbsp;protocol_deal
</UL>

<P><STRONG><a name="[6c]"></a>sim7600_reply_pickup_data</STRONG> (Thumb, 24 bytes, Stack size 16 bytes, gprs_protocol_app.o(.text))
<BR><BR>[Stack]<UL><LI>Max Depth = 224<LI>Call Chain = sim7600_reply_pickup_data &rArr; gprs_protocol_data_send &rArr; usart_4g_send_data &rArr; __2printf
</UL>
<BR>[Calls]<UL><LI><a href="#[67]">&gt;&gt;</a>&nbsp;&nbsp;&nbsp;gprs_protocol_data_send
</UL>
<BR>[Called By]<UL><LI><a href="#[6d]">&gt;&gt;</a>&nbsp;&nbsp;&nbsp;protocol_deal
</UL>

<P><STRONG><a name="[6d]"></a>protocol_deal</STRONG> (Thumb, 522 bytes, Stack size 16 bytes, gprs_protocol_app.o(.text))
<BR><BR>[Stack]<UL><LI>Max Depth = 240 + Unknown Stack Size
<LI>Call Chain = protocol_deal &rArr; sim7600_reply_pickup_data &rArr; gprs_protocol_data_send &rArr; usart_4g_send_data &rArr; __2printf
</UL>
<BR>[Calls]<UL><LI><a href="#[6f]">&gt;&gt;</a>&nbsp;&nbsp;&nbsp;wtn_send_data
<LI><a href="#[70]">&gt;&gt;</a>&nbsp;&nbsp;&nbsp;unlocking_ctrl
<LI><a href="#[73]">&gt;&gt;</a>&nbsp;&nbsp;&nbsp;make_buzzer_sound
<LI><a href="#[72]">&gt;&gt;</a>&nbsp;&nbsp;&nbsp;delay_us
<LI><a href="#[71]">&gt;&gt;</a>&nbsp;&nbsp;&nbsp;GPIO_ReadInputDataBit
<LI><a href="#[6e]">&gt;&gt;</a>&nbsp;&nbsp;&nbsp;__ARM_common_switch8
<LI><a href="#[6c]">&gt;&gt;</a>&nbsp;&nbsp;&nbsp;sim7600_reply_pickup_data
<LI><a href="#[6b]">&gt;&gt;</a>&nbsp;&nbsp;&nbsp;sim7600_reply_unlocking_data
<LI><a href="#[6a]">&gt;&gt;</a>&nbsp;&nbsp;&nbsp;sim7600_reply_return_data
<LI><a href="#[69]">&gt;&gt;</a>&nbsp;&nbsp;&nbsp;sim7600_reply_add_data
<LI><a href="#[3b]">&gt;&gt;</a>&nbsp;&nbsp;&nbsp;OSTimeDly
<LI><a href="#[4b]">&gt;&gt;</a>&nbsp;&nbsp;&nbsp;__2printf
</UL>
<BR>[Called By]<UL><LI><a href="#[25]">&gt;&gt;</a>&nbsp;&nbsp;&nbsp;App_Task_4G
</UL>

<P><STRONG><a name="[25]"></a>App_Task_4G</STRONG> (Thumb, 40 bytes, Stack size 8 bytes, gprs_protocol_app.o(.text))
<BR><BR>[Stack]<UL><LI>Max Depth = 248 + Unknown Stack Size
<LI>Call Chain = App_Task_4G &rArr; protocol_deal &rArr; sim7600_reply_pickup_data &rArr; gprs_protocol_data_send &rArr; usart_4g_send_data &rArr; __2printf
</UL>
<BR>[Calls]<UL><LI><a href="#[74]">&gt;&gt;</a>&nbsp;&nbsp;&nbsp;OSSemPend
<LI><a href="#[6d]">&gt;&gt;</a>&nbsp;&nbsp;&nbsp;protocol_deal
<LI><a href="#[3b]">&gt;&gt;</a>&nbsp;&nbsp;&nbsp;OSTimeDly
<LI><a href="#[4b]">&gt;&gt;</a>&nbsp;&nbsp;&nbsp;__2printf
</UL>
<BR>[Address Reference Count : 1]<UL><LI> main.o(.text)
</UL>
<P><STRONG><a name="[4f]"></a>sim7600_stat_check</STRONG> (Thumb, 102 bytes, Stack size 8 bytes, gprs_protocol_app.o(.text))
<BR><BR>[Stack]<UL><LI>Max Depth = 204 + Unknown Stack Size
<LI>Call Chain = sim7600_stat_check &rArr; sim7600ce_config &rArr; usart_4g_config &rArr; USART_Init &rArr; RCC_GetClocksFreq &rArr; __aeabi_uidivmod
</UL>
<BR>[Calls]<UL><LI><a href="#[75]">&gt;&gt;</a>&nbsp;&nbsp;&nbsp;sim7600ce_config
<LI><a href="#[71]">&gt;&gt;</a>&nbsp;&nbsp;&nbsp;GPIO_ReadInputDataBit
<LI><a href="#[4b]">&gt;&gt;</a>&nbsp;&nbsp;&nbsp;__2printf
</UL>
<BR>[Called By]<UL><LI><a href="#[24]">&gt;&gt;</a>&nbsp;&nbsp;&nbsp;App_Task_SEC
</UL>

<P><STRONG><a name="[76]"></a>sim7600_data_deal</STRONG> (Thumb, 126 bytes, Stack size 24 bytes, gprs_protocol_app.o(.text))
<BR><BR>[Stack]<UL><LI>Max Depth = 92 + Unknown Stack Size
<LI>Call Chain = sim7600_data_deal &rArr; OSSemPost &rArr; OS_EventTaskRdy &rArr; OS_EventTaskRemove
</UL>
<BR>[Calls]<UL><LI><a href="#[77]">&gt;&gt;</a>&nbsp;&nbsp;&nbsp;OSSemPost
<LI><a href="#[49]">&gt;&gt;</a>&nbsp;&nbsp;&nbsp;__aeabi_memclr
<LI><a href="#[65]">&gt;&gt;</a>&nbsp;&nbsp;&nbsp;__aeabi_memmove
<LI><a href="#[4b]">&gt;&gt;</a>&nbsp;&nbsp;&nbsp;__2printf
</UL>
<BR>[Called By]<UL><LI><a href="#[21]">&gt;&gt;</a>&nbsp;&nbsp;&nbsp;USART2_IRQHandler
</UL>

<P><STRONG><a name="[52]"></a>sim7600_send_lifesignal_data</STRONG> (Thumb, 60 bytes, Stack size 32 bytes, gprs_protocol_app.o(.text))
<BR><BR>[Stack]<UL><LI>Max Depth = 240<LI>Call Chain = sim7600_send_lifesignal_data &rArr; gprs_protocol_data_send &rArr; usart_4g_send_data &rArr; __2printf
</UL>
<BR>[Calls]<UL><LI><a href="#[67]">&gt;&gt;</a>&nbsp;&nbsp;&nbsp;gprs_protocol_data_send
<LI><a href="#[64]">&gt;&gt;</a>&nbsp;&nbsp;&nbsp;__aeabi_memclr4
<LI><a href="#[65]">&gt;&gt;</a>&nbsp;&nbsp;&nbsp;__aeabi_memmove
</UL>
<BR>[Called By]<UL><LI><a href="#[24]">&gt;&gt;</a>&nbsp;&nbsp;&nbsp;App_Task_SEC
</UL>

<P><STRONG><a name="[78]"></a>sim7600_send_umbrella_data</STRONG> (Thumb, 70 bytes, Stack size 24 bytes, gprs_protocol_app.o(.text))
<BR><BR>[Stack]<UL><LI>Max Depth = 232<LI>Call Chain = sim7600_send_umbrella_data &rArr; gprs_protocol_data_send &rArr; usart_4g_send_data &rArr; __2printf
</UL>
<BR>[Calls]<UL><LI><a href="#[67]">&gt;&gt;</a>&nbsp;&nbsp;&nbsp;gprs_protocol_data_send
<LI><a href="#[65]">&gt;&gt;</a>&nbsp;&nbsp;&nbsp;__aeabi_memmove
<LI><a href="#[4b]">&gt;&gt;</a>&nbsp;&nbsp;&nbsp;__2printf
</UL>
<BR>[Called By]<UL><LI><a href="#[50]">&gt;&gt;</a>&nbsp;&nbsp;&nbsp;spi_nfc_read_func
</UL>

<P><STRONG><a name="[51]"></a>sim7600_send_register_data</STRONG> (Thumb, 30 bytes, Stack size 16 bytes, gprs_protocol_app.o(.text))
<BR><BR>[Stack]<UL><LI>Max Depth = 224<LI>Call Chain = sim7600_send_register_data &rArr; gprs_protocol_data_send &rArr; usart_4g_send_data &rArr; __2printf
</UL>
<BR>[Calls]<UL><LI><a href="#[67]">&gt;&gt;</a>&nbsp;&nbsp;&nbsp;gprs_protocol_data_send
<LI><a href="#[4b]">&gt;&gt;</a>&nbsp;&nbsp;&nbsp;__2printf
</UL>
<BR>[Called By]<UL><LI><a href="#[24]">&gt;&gt;</a>&nbsp;&nbsp;&nbsp;App_Task_SEC
</UL>

<P><STRONG><a name="[79]"></a>usart_data_send</STRONG> (Thumb, 644 bytes, Stack size 152 bytes, gprs_protocol_app.o(.text), UNUSED)
<BR><BR>[Calls]<UL><LI><a href="#[7a]">&gt;&gt;</a>&nbsp;&nbsp;&nbsp;USART1_SendNByte
<LI><a href="#[64]">&gt;&gt;</a>&nbsp;&nbsp;&nbsp;__aeabi_memclr4
</UL>

<P><STRONG><a name="[39]"></a>LED_Off</STRONG> (Thumb, 16 bytes, Stack size 8 bytes, led_app.o(.text))
<BR><BR>[Stack]<UL><LI>Max Depth = 8<LI>Call Chain = LED_Off
</UL>
<BR>[Calls]<UL><LI><a href="#[5c]">&gt;&gt;</a>&nbsp;&nbsp;&nbsp;GPIO_SetBits
</UL>
<BR>[Called By]<UL><LI><a href="#[4e]">&gt;&gt;</a>&nbsp;&nbsp;&nbsp;led_ctrl_func
<LI><a href="#[3a]">&gt;&gt;</a>&nbsp;&nbsp;&nbsp;App_Task_LED2
<LI><a href="#[36]">&gt;&gt;</a>&nbsp;&nbsp;&nbsp;App_Task_LED1
</UL>

<P><STRONG><a name="[37]"></a>LED_On</STRONG> (Thumb, 16 bytes, Stack size 8 bytes, led_app.o(.text))
<BR><BR>[Stack]<UL><LI>Max Depth = 8<LI>Call Chain = LED_On
</UL>
<BR>[Calls]<UL><LI><a href="#[7b]">&gt;&gt;</a>&nbsp;&nbsp;&nbsp;GPIO_ResetBits
</UL>
<BR>[Called By]<UL><LI><a href="#[4e]">&gt;&gt;</a>&nbsp;&nbsp;&nbsp;led_ctrl_func
<LI><a href="#[3a]">&gt;&gt;</a>&nbsp;&nbsp;&nbsp;App_Task_LED2
<LI><a href="#[36]">&gt;&gt;</a>&nbsp;&nbsp;&nbsp;App_Task_LED1
</UL>

<P><STRONG><a name="[4e]"></a>led_ctrl_func</STRONG> (Thumb, 26 bytes, Stack size 16 bytes, led_app.o(.text))
<BR><BR>[Stack]<UL><LI>Max Depth = 24<LI>Call Chain = led_ctrl_func &rArr; LED_On
</UL>
<BR>[Calls]<UL><LI><a href="#[37]">&gt;&gt;</a>&nbsp;&nbsp;&nbsp;LED_On
<LI><a href="#[39]">&gt;&gt;</a>&nbsp;&nbsp;&nbsp;LED_Off
</UL>
<BR>[Called By]<UL><LI><a href="#[a8]">&gt;&gt;</a>&nbsp;&nbsp;&nbsp;single_motor_test
<LI><a href="#[89]">&gt;&gt;</a>&nbsp;&nbsp;&nbsp;PcdReset
<LI><a href="#[87]">&gt;&gt;</a>&nbsp;&nbsp;&nbsp;InitializeSystem
<LI><a href="#[24]">&gt;&gt;</a>&nbsp;&nbsp;&nbsp;App_Task_SEC
</UL>

<P><STRONG><a name="[31]"></a>LED_Configuration</STRONG> (Thumb, 54 bytes, Stack size 16 bytes, led_app.o(.text))
<BR><BR>[Stack]<UL><LI>Max Depth = 36<LI>Call Chain = LED_Configuration &rArr; GPIO_Init
</UL>
<BR>[Calls]<UL><LI><a href="#[7b]">&gt;&gt;</a>&nbsp;&nbsp;&nbsp;GPIO_ResetBits
<LI><a href="#[59]">&gt;&gt;</a>&nbsp;&nbsp;&nbsp;RCC_AHBPeriphClockCmd
<LI><a href="#[5a]">&gt;&gt;</a>&nbsp;&nbsp;&nbsp;GPIO_Init
</UL>
<BR>[Called By]<UL><LI><a href="#[23]">&gt;&gt;</a>&nbsp;&nbsp;&nbsp;main
</UL>

<P><STRONG><a name="[72]"></a>delay_us</STRONG> (Thumb, 22 bytes, Stack size 0 bytes, led_app.o(.text))
<BR><BR>[Called By]<UL><LI><a href="#[6f]">&gt;&gt;</a>&nbsp;&nbsp;&nbsp;wtn_send_data
<LI><a href="#[6d]">&gt;&gt;</a>&nbsp;&nbsp;&nbsp;protocol_deal
</UL>

<P><STRONG><a name="[9b]"></a>delay_ms</STRONG> (Thumb, 26 bytes, Stack size 0 bytes, led_app.o(.text))
<BR><BR>[Called By]<UL><LI><a href="#[a8]">&gt;&gt;</a>&nbsp;&nbsp;&nbsp;single_motor_test
<LI><a href="#[6f]">&gt;&gt;</a>&nbsp;&nbsp;&nbsp;wtn_send_data
</UL>

<P><STRONG><a name="[11e]"></a>_sys_exit</STRONG> (Thumb, 6 bytes, Stack size 0 bytes, usart.o(.text), UNUSED)

<P><STRONG><a name="[2c]"></a>fputc</STRONG> (Thumb, 24 bytes, Stack size 0 bytes, usart.o(.text))
<BR>[Address Reference Count : 1]<UL><LI> printf5.o(i.__0printf$5)
</UL>
<P><STRONG><a name="[7c]"></a>USART_GPIO_Configuration</STRONG> (Thumb, 68 bytes, Stack size 16 bytes, usart.o(.text))
<BR><BR>[Stack]<UL><LI>Max Depth = 36<LI>Call Chain = USART_GPIO_Configuration &rArr; GPIO_PinAFConfig
</UL>
<BR>[Calls]<UL><LI><a href="#[59]">&gt;&gt;</a>&nbsp;&nbsp;&nbsp;RCC_AHBPeriphClockCmd
<LI><a href="#[5b]">&gt;&gt;</a>&nbsp;&nbsp;&nbsp;GPIO_PinAFConfig
<LI><a href="#[5a]">&gt;&gt;</a>&nbsp;&nbsp;&nbsp;GPIO_Init
</UL>
<BR>[Called By]<UL><LI><a href="#[32]">&gt;&gt;</a>&nbsp;&nbsp;&nbsp;USART_Initializes
</UL>

<P><STRONG><a name="[7d]"></a>USART_Configuration</STRONG> (Thumb, 62 bytes, Stack size 32 bytes, usart.o(.text))
<BR><BR>[Stack]<UL><LI>Max Depth = 132<LI>Call Chain = USART_Configuration &rArr; USART_Init &rArr; RCC_GetClocksFreq &rArr; __aeabi_uidivmod
</UL>
<BR>[Calls]<UL><LI><a href="#[7f]">&gt;&gt;</a>&nbsp;&nbsp;&nbsp;USART_Init
<LI><a href="#[80]">&gt;&gt;</a>&nbsp;&nbsp;&nbsp;USART_ITConfig
<LI><a href="#[81]">&gt;&gt;</a>&nbsp;&nbsp;&nbsp;USART_Cmd
<LI><a href="#[7e]">&gt;&gt;</a>&nbsp;&nbsp;&nbsp;RCC_APB2PeriphClockCmd
</UL>
<BR>[Called By]<UL><LI><a href="#[32]">&gt;&gt;</a>&nbsp;&nbsp;&nbsp;USART_Initializes
</UL>

<P><STRONG><a name="[32]"></a>USART_Initializes</STRONG> (Thumb, 12 bytes, Stack size 8 bytes, usart.o(.text))
<BR><BR>[Stack]<UL><LI>Max Depth = 140<LI>Call Chain = USART_Initializes &rArr; USART_Configuration &rArr; USART_Init &rArr; RCC_GetClocksFreq &rArr; __aeabi_uidivmod
</UL>
<BR>[Calls]<UL><LI><a href="#[7d]">&gt;&gt;</a>&nbsp;&nbsp;&nbsp;USART_Configuration
<LI><a href="#[7c]">&gt;&gt;</a>&nbsp;&nbsp;&nbsp;USART_GPIO_Configuration
</UL>
<BR>[Called By]<UL><LI><a href="#[23]">&gt;&gt;</a>&nbsp;&nbsp;&nbsp;main
</UL>

<P><STRONG><a name="[82]"></a>USART1_SendByte</STRONG> (Thumb, 26 bytes, Stack size 0 bytes, usart.o(.text), UNUSED)
<BR><BR>[Called By]<UL><LI><a href="#[83]">&gt;&gt;</a>&nbsp;&nbsp;&nbsp;USART1_Printf
<LI><a href="#[7a]">&gt;&gt;</a>&nbsp;&nbsp;&nbsp;USART1_SendNByte
</UL>

<P><STRONG><a name="[7a]"></a>USART1_SendNByte</STRONG> (Thumb, 28 bytes, Stack size 8 bytes, usart.o(.text), UNUSED)
<BR><BR>[Calls]<UL><LI><a href="#[82]">&gt;&gt;</a>&nbsp;&nbsp;&nbsp;USART1_SendByte
</UL>
<BR>[Called By]<UL><LI><a href="#[79]">&gt;&gt;</a>&nbsp;&nbsp;&nbsp;usart_data_send
</UL>

<P><STRONG><a name="[83]"></a>USART1_Printf</STRONG> (Thumb, 28 bytes, Stack size 4 bytes, usart.o(.text), UNUSED)
<BR><BR>[Calls]<UL><LI><a href="#[82]">&gt;&gt;</a>&nbsp;&nbsp;&nbsp;USART1_SendByte
</UL>

<P><STRONG><a name="[84]"></a>ShowID</STRONG> (Thumb, 160 bytes, Stack size 24 bytes, spi_175xx.o(.text))
<BR><BR>[Stack]<UL><LI>Max Depth = 48<LI>Call Chain = ShowID &rArr; __2printf
</UL>
<BR>[Calls]<UL><LI><a href="#[4b]">&gt;&gt;</a>&nbsp;&nbsp;&nbsp;__2printf
</UL>
<BR>[Called By]<UL><LI><a href="#[50]">&gt;&gt;</a>&nbsp;&nbsp;&nbsp;spi_nfc_read_func
</UL>

<P><STRONG><a name="[50]"></a>spi_nfc_read_func</STRONG> (Thumb, 62 bytes, Stack size 8 bytes, spi_175xx.o(.text))
<BR><BR>[Stack]<UL><LI>Max Depth = 240 + Unknown Stack Size
<LI>Call Chain = spi_nfc_read_func &rArr; sim7600_send_umbrella_data &rArr; gprs_protocol_data_send &rArr; usart_4g_send_data &rArr; __2printf
</UL>
<BR>[Calls]<UL><LI><a href="#[85]">&gt;&gt;</a>&nbsp;&nbsp;&nbsp;PcdRequest
<LI><a href="#[86]">&gt;&gt;</a>&nbsp;&nbsp;&nbsp;PcdAnticoll
<LI><a href="#[84]">&gt;&gt;</a>&nbsp;&nbsp;&nbsp;ShowID
<LI><a href="#[78]">&gt;&gt;</a>&nbsp;&nbsp;&nbsp;sim7600_send_umbrella_data
<LI><a href="#[3b]">&gt;&gt;</a>&nbsp;&nbsp;&nbsp;OSTimeDly
<LI><a href="#[4b]">&gt;&gt;</a>&nbsp;&nbsp;&nbsp;__2printf
</UL>
<BR>[Called By]<UL><LI><a href="#[24]">&gt;&gt;</a>&nbsp;&nbsp;&nbsp;App_Task_SEC
</UL>

<P><STRONG><a name="[87]"></a>InitializeSystem</STRONG> (Thumb, 92 bytes, Stack size 8 bytes, spi_175xx.o(.text))
<BR><BR>[Stack]<UL><LI>Max Depth = 64<LI>Call Chain = InitializeSystem &rArr; M500PcdConfigISOType &rArr; PcdAntennaOn &rArr; SetBitMask &rArr; ReadRawRC
</UL>
<BR>[Calls]<UL><LI><a href="#[88]">&gt;&gt;</a>&nbsp;&nbsp;&nbsp;delay_10ms
<LI><a href="#[89]">&gt;&gt;</a>&nbsp;&nbsp;&nbsp;PcdReset
<LI><a href="#[8b]">&gt;&gt;</a>&nbsp;&nbsp;&nbsp;PcdAntennaOn
<LI><a href="#[8a]">&gt;&gt;</a>&nbsp;&nbsp;&nbsp;PcdAntennaOff
<LI><a href="#[8c]">&gt;&gt;</a>&nbsp;&nbsp;&nbsp;M500PcdConfigISOType
<LI><a href="#[4e]">&gt;&gt;</a>&nbsp;&nbsp;&nbsp;led_ctrl_func
</UL>
<BR>[Called By]<UL><LI><a href="#[43]">&gt;&gt;</a>&nbsp;&nbsp;&nbsp;spi_nfc_init
</UL>

<P><STRONG><a name="[8e]"></a>spi_nfc_mode_config</STRONG> (Thumb, 2 bytes, Stack size 0 bytes, spi_175xx.o(.text))
<BR><BR>[Called By]<UL><LI><a href="#[43]">&gt;&gt;</a>&nbsp;&nbsp;&nbsp;spi_nfc_init
</UL>

<P><STRONG><a name="[8d]"></a>spi_nfc_gpio_init</STRONG> (Thumb, 140 bytes, Stack size 16 bytes, spi_175xx.o(.text))
<BR><BR>[Stack]<UL><LI>Max Depth = 36<LI>Call Chain = spi_nfc_gpio_init &rArr; GPIO_Init
</UL>
<BR>[Calls]<UL><LI><a href="#[59]">&gt;&gt;</a>&nbsp;&nbsp;&nbsp;RCC_AHBPeriphClockCmd
<LI><a href="#[5a]">&gt;&gt;</a>&nbsp;&nbsp;&nbsp;GPIO_Init
</UL>
<BR>[Called By]<UL><LI><a href="#[43]">&gt;&gt;</a>&nbsp;&nbsp;&nbsp;spi_nfc_init
</UL>

<P><STRONG><a name="[43]"></a>spi_nfc_init</STRONG> (Thumb, 16 bytes, Stack size 8 bytes, spi_175xx.o(.text))
<BR><BR>[Stack]<UL><LI>Max Depth = 72<LI>Call Chain = spi_nfc_init &rArr; InitializeSystem &rArr; M500PcdConfigISOType &rArr; PcdAntennaOn &rArr; SetBitMask &rArr; ReadRawRC
</UL>
<BR>[Calls]<UL><LI><a href="#[8d]">&gt;&gt;</a>&nbsp;&nbsp;&nbsp;spi_nfc_gpio_init
<LI><a href="#[8e]">&gt;&gt;</a>&nbsp;&nbsp;&nbsp;spi_nfc_mode_config
<LI><a href="#[87]">&gt;&gt;</a>&nbsp;&nbsp;&nbsp;InitializeSystem
</UL>
<BR>[Called By]<UL><LI><a href="#[24]">&gt;&gt;</a>&nbsp;&nbsp;&nbsp;App_Task_SEC
</UL>

<P><STRONG><a name="[8f]"></a>WriteRawRC</STRONG> (Thumb, 242 bytes, Stack size 24 bytes, fm175xx.o(.text))
<BR><BR>[Stack]<UL><LI>Max Depth = 24<LI>Call Chain = WriteRawRC
</UL>
<BR>[Calls]<UL><LI><a href="#[7b]">&gt;&gt;</a>&nbsp;&nbsp;&nbsp;GPIO_ResetBits
<LI><a href="#[5c]">&gt;&gt;</a>&nbsp;&nbsp;&nbsp;GPIO_SetBits
</UL>
<BR>[Called By]<UL><LI><a href="#[94]">&gt;&gt;</a>&nbsp;&nbsp;&nbsp;CalulateCRC
<LI><a href="#[93]">&gt;&gt;</a>&nbsp;&nbsp;&nbsp;PcdComMF522
<LI><a href="#[92]">&gt;&gt;</a>&nbsp;&nbsp;&nbsp;ClearBitMask
<LI><a href="#[91]">&gt;&gt;</a>&nbsp;&nbsp;&nbsp;SetBitMask
<LI><a href="#[89]">&gt;&gt;</a>&nbsp;&nbsp;&nbsp;PcdReset
<LI><a href="#[85]">&gt;&gt;</a>&nbsp;&nbsp;&nbsp;PcdRequest
<LI><a href="#[86]">&gt;&gt;</a>&nbsp;&nbsp;&nbsp;PcdAnticoll
<LI><a href="#[8c]">&gt;&gt;</a>&nbsp;&nbsp;&nbsp;M500PcdConfigISOType
</UL>

<P><STRONG><a name="[90]"></a>ReadRawRC</STRONG> (Thumb, 228 bytes, Stack size 24 bytes, fm175xx.o(.text))
<BR><BR>[Stack]<UL><LI>Max Depth = 24<LI>Call Chain = ReadRawRC
</UL>
<BR>[Calls]<UL><LI><a href="#[7b]">&gt;&gt;</a>&nbsp;&nbsp;&nbsp;GPIO_ResetBits
<LI><a href="#[71]">&gt;&gt;</a>&nbsp;&nbsp;&nbsp;GPIO_ReadInputDataBit
<LI><a href="#[5c]">&gt;&gt;</a>&nbsp;&nbsp;&nbsp;GPIO_SetBits
</UL>
<BR>[Called By]<UL><LI><a href="#[96]">&gt;&gt;</a>&nbsp;&nbsp;&nbsp;PcdAuthState
<LI><a href="#[94]">&gt;&gt;</a>&nbsp;&nbsp;&nbsp;CalulateCRC
<LI><a href="#[93]">&gt;&gt;</a>&nbsp;&nbsp;&nbsp;PcdComMF522
<LI><a href="#[92]">&gt;&gt;</a>&nbsp;&nbsp;&nbsp;ClearBitMask
<LI><a href="#[91]">&gt;&gt;</a>&nbsp;&nbsp;&nbsp;SetBitMask
<LI><a href="#[89]">&gt;&gt;</a>&nbsp;&nbsp;&nbsp;PcdReset
<LI><a href="#[8b]">&gt;&gt;</a>&nbsp;&nbsp;&nbsp;PcdAntennaOn
</UL>

<P><STRONG><a name="[91]"></a>SetBitMask</STRONG> (Thumb, 30 bytes, Stack size 16 bytes, fm175xx.o(.text))
<BR><BR>[Stack]<UL><LI>Max Depth = 40<LI>Call Chain = SetBitMask &rArr; ReadRawRC
</UL>
<BR>[Calls]<UL><LI><a href="#[90]">&gt;&gt;</a>&nbsp;&nbsp;&nbsp;ReadRawRC
<LI><a href="#[8f]">&gt;&gt;</a>&nbsp;&nbsp;&nbsp;WriteRawRC
</UL>
<BR>[Called By]<UL><LI><a href="#[94]">&gt;&gt;</a>&nbsp;&nbsp;&nbsp;CalulateCRC
<LI><a href="#[93]">&gt;&gt;</a>&nbsp;&nbsp;&nbsp;PcdComMF522
<LI><a href="#[85]">&gt;&gt;</a>&nbsp;&nbsp;&nbsp;PcdRequest
<LI><a href="#[86]">&gt;&gt;</a>&nbsp;&nbsp;&nbsp;PcdAnticoll
<LI><a href="#[8b]">&gt;&gt;</a>&nbsp;&nbsp;&nbsp;PcdAntennaOn
</UL>

<P><STRONG><a name="[92]"></a>ClearBitMask</STRONG> (Thumb, 30 bytes, Stack size 16 bytes, fm175xx.o(.text))
<BR><BR>[Stack]<UL><LI>Max Depth = 40<LI>Call Chain = ClearBitMask &rArr; ReadRawRC
</UL>
<BR>[Calls]<UL><LI><a href="#[90]">&gt;&gt;</a>&nbsp;&nbsp;&nbsp;ReadRawRC
<LI><a href="#[8f]">&gt;&gt;</a>&nbsp;&nbsp;&nbsp;WriteRawRC
</UL>
<BR>[Called By]<UL><LI><a href="#[95]">&gt;&gt;</a>&nbsp;&nbsp;&nbsp;PcdSelect
<LI><a href="#[94]">&gt;&gt;</a>&nbsp;&nbsp;&nbsp;CalulateCRC
<LI><a href="#[93]">&gt;&gt;</a>&nbsp;&nbsp;&nbsp;PcdComMF522
<LI><a href="#[85]">&gt;&gt;</a>&nbsp;&nbsp;&nbsp;PcdRequest
<LI><a href="#[86]">&gt;&gt;</a>&nbsp;&nbsp;&nbsp;PcdAnticoll
<LI><a href="#[8a]">&gt;&gt;</a>&nbsp;&nbsp;&nbsp;PcdAntennaOff
<LI><a href="#[8c]">&gt;&gt;</a>&nbsp;&nbsp;&nbsp;M500PcdConfigISOType
</UL>

<P><STRONG><a name="[93]"></a>PcdComMF522</STRONG> (Thumb, 312 bytes, Stack size 48 bytes, fm175xx.o(.text))
<BR><BR>[Stack]<UL><LI>Max Depth = 88<LI>Call Chain = PcdComMF522 &rArr; ClearBitMask &rArr; ReadRawRC
</UL>
<BR>[Calls]<UL><LI><a href="#[92]">&gt;&gt;</a>&nbsp;&nbsp;&nbsp;ClearBitMask
<LI><a href="#[91]">&gt;&gt;</a>&nbsp;&nbsp;&nbsp;SetBitMask
<LI><a href="#[90]">&gt;&gt;</a>&nbsp;&nbsp;&nbsp;ReadRawRC
<LI><a href="#[8f]">&gt;&gt;</a>&nbsp;&nbsp;&nbsp;WriteRawRC
</UL>
<BR>[Called By]<UL><LI><a href="#[99]">&gt;&gt;</a>&nbsp;&nbsp;&nbsp;PcdHalt
<LI><a href="#[98]">&gt;&gt;</a>&nbsp;&nbsp;&nbsp;PcdWrite
<LI><a href="#[97]">&gt;&gt;</a>&nbsp;&nbsp;&nbsp;PcdRead
<LI><a href="#[96]">&gt;&gt;</a>&nbsp;&nbsp;&nbsp;PcdAuthState
<LI><a href="#[95]">&gt;&gt;</a>&nbsp;&nbsp;&nbsp;PcdSelect
<LI><a href="#[85]">&gt;&gt;</a>&nbsp;&nbsp;&nbsp;PcdRequest
<LI><a href="#[86]">&gt;&gt;</a>&nbsp;&nbsp;&nbsp;PcdAnticoll
</UL>

<P><STRONG><a name="[85]"></a>PcdRequest</STRONG> (Thumb, 86 bytes, Stack size 48 bytes, fm175xx.o(.text))
<BR><BR>[Stack]<UL><LI>Max Depth = 136<LI>Call Chain = PcdRequest &rArr; PcdComMF522 &rArr; ClearBitMask &rArr; ReadRawRC
</UL>
<BR>[Calls]<UL><LI><a href="#[93]">&gt;&gt;</a>&nbsp;&nbsp;&nbsp;PcdComMF522
<LI><a href="#[92]">&gt;&gt;</a>&nbsp;&nbsp;&nbsp;ClearBitMask
<LI><a href="#[91]">&gt;&gt;</a>&nbsp;&nbsp;&nbsp;SetBitMask
<LI><a href="#[8f]">&gt;&gt;</a>&nbsp;&nbsp;&nbsp;WriteRawRC
</UL>
<BR>[Called By]<UL><LI><a href="#[9a]">&gt;&gt;</a>&nbsp;&nbsp;&nbsp;WaitCardOff
<LI><a href="#[50]">&gt;&gt;</a>&nbsp;&nbsp;&nbsp;spi_nfc_read_func
</UL>

<P><STRONG><a name="[86]"></a>PcdAnticoll</STRONG> (Thumb, 122 bytes, Stack size 48 bytes, fm175xx.o(.text))
<BR><BR>[Stack]<UL><LI>Max Depth = 136<LI>Call Chain = PcdAnticoll &rArr; PcdComMF522 &rArr; ClearBitMask &rArr; ReadRawRC
</UL>
<BR>[Calls]<UL><LI><a href="#[93]">&gt;&gt;</a>&nbsp;&nbsp;&nbsp;PcdComMF522
<LI><a href="#[92]">&gt;&gt;</a>&nbsp;&nbsp;&nbsp;ClearBitMask
<LI><a href="#[91]">&gt;&gt;</a>&nbsp;&nbsp;&nbsp;SetBitMask
<LI><a href="#[8f]">&gt;&gt;</a>&nbsp;&nbsp;&nbsp;WriteRawRC
</UL>
<BR>[Called By]<UL><LI><a href="#[50]">&gt;&gt;</a>&nbsp;&nbsp;&nbsp;spi_nfc_read_func
</UL>

<P><STRONG><a name="[94]"></a>CalulateCRC</STRONG> (Thumb, 106 bytes, Stack size 32 bytes, fm175xx.o(.text), UNUSED)
<BR><BR>[Calls]<UL><LI><a href="#[92]">&gt;&gt;</a>&nbsp;&nbsp;&nbsp;ClearBitMask
<LI><a href="#[91]">&gt;&gt;</a>&nbsp;&nbsp;&nbsp;SetBitMask
<LI><a href="#[90]">&gt;&gt;</a>&nbsp;&nbsp;&nbsp;ReadRawRC
<LI><a href="#[8f]">&gt;&gt;</a>&nbsp;&nbsp;&nbsp;WriteRawRC
</UL>
<BR>[Called By]<UL><LI><a href="#[99]">&gt;&gt;</a>&nbsp;&nbsp;&nbsp;PcdHalt
<LI><a href="#[98]">&gt;&gt;</a>&nbsp;&nbsp;&nbsp;PcdWrite
<LI><a href="#[97]">&gt;&gt;</a>&nbsp;&nbsp;&nbsp;PcdRead
<LI><a href="#[95]">&gt;&gt;</a>&nbsp;&nbsp;&nbsp;PcdSelect
</UL>

<P><STRONG><a name="[95]"></a>PcdSelect</STRONG> (Thumb, 110 bytes, Stack size 48 bytes, fm175xx.o(.text), UNUSED)
<BR><BR>[Calls]<UL><LI><a href="#[94]">&gt;&gt;</a>&nbsp;&nbsp;&nbsp;CalulateCRC
<LI><a href="#[93]">&gt;&gt;</a>&nbsp;&nbsp;&nbsp;PcdComMF522
<LI><a href="#[92]">&gt;&gt;</a>&nbsp;&nbsp;&nbsp;ClearBitMask
</UL>

<P><STRONG><a name="[96]"></a>PcdAuthState</STRONG> (Thumb, 104 bytes, Stack size 64 bytes, fm175xx.o(.text), UNUSED)
<BR><BR>[Calls]<UL><LI><a href="#[93]">&gt;&gt;</a>&nbsp;&nbsp;&nbsp;PcdComMF522
<LI><a href="#[90]">&gt;&gt;</a>&nbsp;&nbsp;&nbsp;ReadRawRC
</UL>

<P><STRONG><a name="[97]"></a>PcdRead</STRONG> (Thumb, 82 bytes, Stack size 48 bytes, fm175xx.o(.text), UNUSED)
<BR><BR>[Calls]<UL><LI><a href="#[94]">&gt;&gt;</a>&nbsp;&nbsp;&nbsp;CalulateCRC
<LI><a href="#[93]">&gt;&gt;</a>&nbsp;&nbsp;&nbsp;PcdComMF522
</UL>

<P><STRONG><a name="[98]"></a>PcdWrite</STRONG> (Thumb, 148 bytes, Stack size 48 bytes, fm175xx.o(.text), UNUSED)
<BR><BR>[Calls]<UL><LI><a href="#[94]">&gt;&gt;</a>&nbsp;&nbsp;&nbsp;CalulateCRC
<LI><a href="#[93]">&gt;&gt;</a>&nbsp;&nbsp;&nbsp;PcdComMF522
</UL>

<P><STRONG><a name="[99]"></a>PcdHalt</STRONG> (Thumb, 46 bytes, Stack size 32 bytes, fm175xx.o(.text), UNUSED)
<BR><BR>[Calls]<UL><LI><a href="#[94]">&gt;&gt;</a>&nbsp;&nbsp;&nbsp;CalulateCRC
<LI><a href="#[93]">&gt;&gt;</a>&nbsp;&nbsp;&nbsp;PcdComMF522
</UL>

<P><STRONG><a name="[88]"></a>delay_10ms</STRONG> (Thumb, 24 bytes, Stack size 0 bytes, fm175xx.o(.text))
<BR><BR>[Called By]<UL><LI><a href="#[9a]">&gt;&gt;</a>&nbsp;&nbsp;&nbsp;WaitCardOff
<LI><a href="#[89]">&gt;&gt;</a>&nbsp;&nbsp;&nbsp;PcdReset
<LI><a href="#[8c]">&gt;&gt;</a>&nbsp;&nbsp;&nbsp;M500PcdConfigISOType
<LI><a href="#[87]">&gt;&gt;</a>&nbsp;&nbsp;&nbsp;InitializeSystem
</UL>

<P><STRONG><a name="[89]"></a>PcdReset</STRONG> (Thumb, 132 bytes, Stack size 8 bytes, fm175xx.o(.text))
<BR><BR>[Stack]<UL><LI>Max Depth = 32<LI>Call Chain = PcdReset &rArr; ReadRawRC
</UL>
<BR>[Calls]<UL><LI><a href="#[90]">&gt;&gt;</a>&nbsp;&nbsp;&nbsp;ReadRawRC
<LI><a href="#[8f]">&gt;&gt;</a>&nbsp;&nbsp;&nbsp;WriteRawRC
<LI><a href="#[88]">&gt;&gt;</a>&nbsp;&nbsp;&nbsp;delay_10ms
<LI><a href="#[4e]">&gt;&gt;</a>&nbsp;&nbsp;&nbsp;led_ctrl_func
</UL>
<BR>[Called By]<UL><LI><a href="#[87]">&gt;&gt;</a>&nbsp;&nbsp;&nbsp;InitializeSystem
</UL>

<P><STRONG><a name="[8b]"></a>PcdAntennaOn</STRONG> (Thumb, 28 bytes, Stack size 8 bytes, fm175xx.o(.text))
<BR><BR>[Stack]<UL><LI>Max Depth = 48<LI>Call Chain = PcdAntennaOn &rArr; SetBitMask &rArr; ReadRawRC
</UL>
<BR>[Calls]<UL><LI><a href="#[91]">&gt;&gt;</a>&nbsp;&nbsp;&nbsp;SetBitMask
<LI><a href="#[90]">&gt;&gt;</a>&nbsp;&nbsp;&nbsp;ReadRawRC
</UL>
<BR>[Called By]<UL><LI><a href="#[8c]">&gt;&gt;</a>&nbsp;&nbsp;&nbsp;M500PcdConfigISOType
<LI><a href="#[87]">&gt;&gt;</a>&nbsp;&nbsp;&nbsp;InitializeSystem
</UL>

<P><STRONG><a name="[8c]"></a>M500PcdConfigISOType</STRONG> (Thumb, 92 bytes, Stack size 8 bytes, fm175xx.o(.text))
<BR><BR>[Stack]<UL><LI>Max Depth = 56<LI>Call Chain = M500PcdConfigISOType &rArr; PcdAntennaOn &rArr; SetBitMask &rArr; ReadRawRC
</UL>
<BR>[Calls]<UL><LI><a href="#[92]">&gt;&gt;</a>&nbsp;&nbsp;&nbsp;ClearBitMask
<LI><a href="#[8f]">&gt;&gt;</a>&nbsp;&nbsp;&nbsp;WriteRawRC
<LI><a href="#[88]">&gt;&gt;</a>&nbsp;&nbsp;&nbsp;delay_10ms
<LI><a href="#[8b]">&gt;&gt;</a>&nbsp;&nbsp;&nbsp;PcdAntennaOn
</UL>
<BR>[Called By]<UL><LI><a href="#[87]">&gt;&gt;</a>&nbsp;&nbsp;&nbsp;InitializeSystem
</UL>

<P><STRONG><a name="[8a]"></a>PcdAntennaOff</STRONG> (Thumb, 12 bytes, Stack size 8 bytes, fm175xx.o(.text))
<BR><BR>[Stack]<UL><LI>Max Depth = 48<LI>Call Chain = PcdAntennaOff &rArr; ClearBitMask &rArr; ReadRawRC
</UL>
<BR>[Calls]<UL><LI><a href="#[92]">&gt;&gt;</a>&nbsp;&nbsp;&nbsp;ClearBitMask
</UL>
<BR>[Called By]<UL><LI><a href="#[87]">&gt;&gt;</a>&nbsp;&nbsp;&nbsp;InitializeSystem
</UL>

<P><STRONG><a name="[9a]"></a>WaitCardOff</STRONG> (Thumb, 56 bytes, Stack size 16 bytes, fm175xx.o(.text), UNUSED)
<BR><BR>[Calls]<UL><LI><a href="#[88]">&gt;&gt;</a>&nbsp;&nbsp;&nbsp;delay_10ms
<LI><a href="#[85]">&gt;&gt;</a>&nbsp;&nbsp;&nbsp;PcdRequest
</UL>

<P><STRONG><a name="[73]"></a>make_buzzer_sound</STRONG> (Thumb, 32 bytes, Stack size 8 bytes, wtn6170.o(.text))
<BR><BR>[Stack]<UL><LI>Max Depth = 32 + Unknown Stack Size
<LI>Call Chain = make_buzzer_sound &rArr; OSTimeDly &rArr; OS_Sched
</UL>
<BR>[Calls]<UL><LI><a href="#[7b]">&gt;&gt;</a>&nbsp;&nbsp;&nbsp;GPIO_ResetBits
<LI><a href="#[5c]">&gt;&gt;</a>&nbsp;&nbsp;&nbsp;GPIO_SetBits
<LI><a href="#[3b]">&gt;&gt;</a>&nbsp;&nbsp;&nbsp;OSTimeDly
</UL>
<BR>[Called By]<UL><LI><a href="#[6d]">&gt;&gt;</a>&nbsp;&nbsp;&nbsp;protocol_deal
</UL>

<P><STRONG><a name="[45]"></a>wtn6170_gpio_init</STRONG> (Thumb, 92 bytes, Stack size 16 bytes, wtn6170.o(.text))
<BR><BR>[Stack]<UL><LI>Max Depth = 36<LI>Call Chain = wtn6170_gpio_init &rArr; GPIO_Init
</UL>
<BR>[Calls]<UL><LI><a href="#[7b]">&gt;&gt;</a>&nbsp;&nbsp;&nbsp;GPIO_ResetBits
<LI><a href="#[59]">&gt;&gt;</a>&nbsp;&nbsp;&nbsp;RCC_AHBPeriphClockCmd
<LI><a href="#[5c]">&gt;&gt;</a>&nbsp;&nbsp;&nbsp;GPIO_SetBits
<LI><a href="#[5a]">&gt;&gt;</a>&nbsp;&nbsp;&nbsp;GPIO_Init
</UL>
<BR>[Called By]<UL><LI><a href="#[24]">&gt;&gt;</a>&nbsp;&nbsp;&nbsp;App_Task_SEC
</UL>

<P><STRONG><a name="[6f]"></a>wtn_send_data</STRONG> (Thumb, 126 bytes, Stack size 16 bytes, wtn6170.o(.text))
<BR><BR>[Stack]<UL><LI>Max Depth = 16<LI>Call Chain = wtn_send_data
</UL>
<BR>[Calls]<UL><LI><a href="#[7b]">&gt;&gt;</a>&nbsp;&nbsp;&nbsp;GPIO_ResetBits
<LI><a href="#[9b]">&gt;&gt;</a>&nbsp;&nbsp;&nbsp;delay_ms
<LI><a href="#[72]">&gt;&gt;</a>&nbsp;&nbsp;&nbsp;delay_us
<LI><a href="#[5c]">&gt;&gt;</a>&nbsp;&nbsp;&nbsp;GPIO_SetBits
</UL>
<BR>[Called By]<UL><LI><a href="#[6d]">&gt;&gt;</a>&nbsp;&nbsp;&nbsp;protocol_deal
</UL>

<P><STRONG><a name="[9e]"></a>SFLASH_ReadSR</STRONG> (Thumb, 40 bytes, Stack size 8 bytes, w25qxx.o(.text))
<BR><BR>[Stack]<UL><LI>Max Depth = 16<LI>Call Chain = SFLASH_ReadSR &rArr; SPI_WriteReadByte
</UL>
<BR>[Calls]<UL><LI><a href="#[7b]">&gt;&gt;</a>&nbsp;&nbsp;&nbsp;GPIO_ResetBits
<LI><a href="#[5c]">&gt;&gt;</a>&nbsp;&nbsp;&nbsp;GPIO_SetBits
<LI><a href="#[5d]">&gt;&gt;</a>&nbsp;&nbsp;&nbsp;SPI_WriteReadByte
</UL>
<BR>[Called By]<UL><LI><a href="#[a1]">&gt;&gt;</a>&nbsp;&nbsp;&nbsp;SFLASH_WaitForNoBusy
</UL>

<P><STRONG><a name="[9f]"></a>SFLASH_WriteSR</STRONG> (Thumb, 32 bytes, Stack size 8 bytes, w25qxx.o(.text), UNUSED)
<BR><BR>[Calls]<UL><LI><a href="#[9c]">&gt;&gt;</a>&nbsp;&nbsp;&nbsp;SFLASH_WriteEnable
<LI><a href="#[5c]">&gt;&gt;</a>&nbsp;&nbsp;&nbsp;GPIO_SetBits
<LI><a href="#[5d]">&gt;&gt;</a>&nbsp;&nbsp;&nbsp;SPI_WriteReadByte
</UL>

<P><STRONG><a name="[63]"></a>SFLASH_ReadNByte</STRONG> (Thumb, 80 bytes, Stack size 16 bytes, w25qxx.o(.text))
<BR><BR>[Stack]<UL><LI>Max Depth = 24<LI>Call Chain = SFLASH_ReadNByte &rArr; SPI_WriteReadByte
</UL>
<BR>[Calls]<UL><LI><a href="#[7b]">&gt;&gt;</a>&nbsp;&nbsp;&nbsp;GPIO_ResetBits
<LI><a href="#[5c]">&gt;&gt;</a>&nbsp;&nbsp;&nbsp;GPIO_SetBits
<LI><a href="#[5d]">&gt;&gt;</a>&nbsp;&nbsp;&nbsp;SPI_WriteReadByte
</UL>
<BR>[Called By]<UL><LI><a href="#[a3]">&gt;&gt;</a>&nbsp;&nbsp;&nbsp;SFLASH_WriteNByte
<LI><a href="#[48]">&gt;&gt;</a>&nbsp;&nbsp;&nbsp;spiflash_test
<LI><a href="#[4a]">&gt;&gt;</a>&nbsp;&nbsp;&nbsp;get_umbrella_info
<LI><a href="#[4c]">&gt;&gt;</a>&nbsp;&nbsp;&nbsp;get_device_info
</UL>

<P><STRONG><a name="[a0]"></a>SFLASH_FastReadNByte</STRONG> (Thumb, 86 bytes, Stack size 16 bytes, w25qxx.o(.text), UNUSED)
<BR><BR>[Calls]<UL><LI><a href="#[7b]">&gt;&gt;</a>&nbsp;&nbsp;&nbsp;GPIO_ResetBits
<LI><a href="#[5c]">&gt;&gt;</a>&nbsp;&nbsp;&nbsp;GPIO_SetBits
<LI><a href="#[5d]">&gt;&gt;</a>&nbsp;&nbsp;&nbsp;SPI_WriteReadByte
</UL>

<P><STRONG><a name="[a1]"></a>SFLASH_WaitForNoBusy</STRONG> (Thumb, 18 bytes, Stack size 8 bytes, w25qxx.o(.text))
<BR><BR>[Stack]<UL><LI>Max Depth = 24<LI>Call Chain = SFLASH_WaitForNoBusy &rArr; SFLASH_ReadSR &rArr; SPI_WriteReadByte
</UL>
<BR>[Calls]<UL><LI><a href="#[9e]">&gt;&gt;</a>&nbsp;&nbsp;&nbsp;SFLASH_ReadSR
</UL>
<BR>[Called By]<UL><LI><a href="#[a5]">&gt;&gt;</a>&nbsp;&nbsp;&nbsp;SFLASH_EraseChip
<LI><a href="#[a4]">&gt;&gt;</a>&nbsp;&nbsp;&nbsp;SFLASH_EraseBlock
<LI><a href="#[62]">&gt;&gt;</a>&nbsp;&nbsp;&nbsp;SFLASH_WritePage
<LI><a href="#[61]">&gt;&gt;</a>&nbsp;&nbsp;&nbsp;SFLASH_EraseSector
</UL>

<P><STRONG><a name="[62]"></a>SFLASH_WritePage</STRONG> (Thumb, 86 bytes, Stack size 16 bytes, w25qxx.o(.text))
<BR><BR>[Stack]<UL><LI>Max Depth = 40<LI>Call Chain = SFLASH_WritePage &rArr; SFLASH_WaitForNoBusy &rArr; SFLASH_ReadSR &rArr; SPI_WriteReadByte
</UL>
<BR>[Calls]<UL><LI><a href="#[a1]">&gt;&gt;</a>&nbsp;&nbsp;&nbsp;SFLASH_WaitForNoBusy
<LI><a href="#[9c]">&gt;&gt;</a>&nbsp;&nbsp;&nbsp;SFLASH_WriteEnable
<LI><a href="#[7b]">&gt;&gt;</a>&nbsp;&nbsp;&nbsp;GPIO_ResetBits
<LI><a href="#[5c]">&gt;&gt;</a>&nbsp;&nbsp;&nbsp;GPIO_SetBits
<LI><a href="#[5d]">&gt;&gt;</a>&nbsp;&nbsp;&nbsp;SPI_WriteReadByte
</UL>
<BR>[Called By]<UL><LI><a href="#[a2]">&gt;&gt;</a>&nbsp;&nbsp;&nbsp;SFLASH_WriteNoCheck
<LI><a href="#[66]">&gt;&gt;</a>&nbsp;&nbsp;&nbsp;update_umbrella_info
<LI><a href="#[48]">&gt;&gt;</a>&nbsp;&nbsp;&nbsp;spiflash_test
<LI><a href="#[4c]">&gt;&gt;</a>&nbsp;&nbsp;&nbsp;get_device_info
</UL>

<P><STRONG><a name="[a2]"></a>SFLASH_WriteNoCheck</STRONG> (Thumb, 68 bytes, Stack size 24 bytes, w25qxx.o(.text), UNUSED)
<BR><BR>[Calls]<UL><LI><a href="#[62]">&gt;&gt;</a>&nbsp;&nbsp;&nbsp;SFLASH_WritePage
</UL>
<BR>[Called By]<UL><LI><a href="#[a3]">&gt;&gt;</a>&nbsp;&nbsp;&nbsp;SFLASH_WriteNByte
</UL>

<P><STRONG><a name="[61]"></a>SFLASH_EraseSector</STRONG> (Thumb, 68 bytes, Stack size 8 bytes, w25qxx.o(.text))
<BR><BR>[Stack]<UL><LI>Max Depth = 32<LI>Call Chain = SFLASH_EraseSector &rArr; SFLASH_WaitForNoBusy &rArr; SFLASH_ReadSR &rArr; SPI_WriteReadByte
</UL>
<BR>[Calls]<UL><LI><a href="#[a1]">&gt;&gt;</a>&nbsp;&nbsp;&nbsp;SFLASH_WaitForNoBusy
<LI><a href="#[9c]">&gt;&gt;</a>&nbsp;&nbsp;&nbsp;SFLASH_WriteEnable
<LI><a href="#[7b]">&gt;&gt;</a>&nbsp;&nbsp;&nbsp;GPIO_ResetBits
<LI><a href="#[5c]">&gt;&gt;</a>&nbsp;&nbsp;&nbsp;GPIO_SetBits
<LI><a href="#[5d]">&gt;&gt;</a>&nbsp;&nbsp;&nbsp;SPI_WriteReadByte
</UL>
<BR>[Called By]<UL><LI><a href="#[a3]">&gt;&gt;</a>&nbsp;&nbsp;&nbsp;SFLASH_WriteNByte
<LI><a href="#[66]">&gt;&gt;</a>&nbsp;&nbsp;&nbsp;update_umbrella_info
<LI><a href="#[48]">&gt;&gt;</a>&nbsp;&nbsp;&nbsp;spiflash_test
<LI><a href="#[4c]">&gt;&gt;</a>&nbsp;&nbsp;&nbsp;get_device_info
</UL>

<P><STRONG><a name="[a3]"></a>SFLASH_WriteNByte</STRONG> (Thumb, 204 bytes, Stack size 4136 bytes, w25qxx.o(.text), UNUSED)
<BR><BR>[Calls]<UL><LI><a href="#[a2]">&gt;&gt;</a>&nbsp;&nbsp;&nbsp;SFLASH_WriteNoCheck
<LI><a href="#[9d]">&gt;&gt;</a>&nbsp;&nbsp;&nbsp;SFLASH_WriteDisable
<LI><a href="#[63]">&gt;&gt;</a>&nbsp;&nbsp;&nbsp;SFLASH_ReadNByte
<LI><a href="#[61]">&gt;&gt;</a>&nbsp;&nbsp;&nbsp;SFLASH_EraseSector
</UL>

<P><STRONG><a name="[a4]"></a>SFLASH_EraseBlock</STRONG> (Thumb, 64 bytes, Stack size 8 bytes, w25qxx.o(.text), UNUSED)
<BR><BR>[Calls]<UL><LI><a href="#[a1]">&gt;&gt;</a>&nbsp;&nbsp;&nbsp;SFLASH_WaitForNoBusy
<LI><a href="#[9c]">&gt;&gt;</a>&nbsp;&nbsp;&nbsp;SFLASH_WriteEnable
<LI><a href="#[7b]">&gt;&gt;</a>&nbsp;&nbsp;&nbsp;GPIO_ResetBits
<LI><a href="#[5c]">&gt;&gt;</a>&nbsp;&nbsp;&nbsp;GPIO_SetBits
<LI><a href="#[5d]">&gt;&gt;</a>&nbsp;&nbsp;&nbsp;SPI_WriteReadByte
</UL>

<P><STRONG><a name="[a5]"></a>SFLASH_EraseChip</STRONG> (Thumb, 38 bytes, Stack size 8 bytes, w25qxx.o(.text), UNUSED)
<BR><BR>[Calls]<UL><LI><a href="#[a1]">&gt;&gt;</a>&nbsp;&nbsp;&nbsp;SFLASH_WaitForNoBusy
<LI><a href="#[9c]">&gt;&gt;</a>&nbsp;&nbsp;&nbsp;SFLASH_WriteEnable
<LI><a href="#[7b]">&gt;&gt;</a>&nbsp;&nbsp;&nbsp;GPIO_ResetBits
<LI><a href="#[5c]">&gt;&gt;</a>&nbsp;&nbsp;&nbsp;GPIO_SetBits
<LI><a href="#[5d]">&gt;&gt;</a>&nbsp;&nbsp;&nbsp;SPI_WriteReadByte
</UL>

<P><STRONG><a name="[a6]"></a>SFLASH_PowerDown</STRONG> (Thumb, 26 bytes, Stack size 8 bytes, w25qxx.o(.text), UNUSED)
<BR><BR>[Calls]<UL><LI><a href="#[7b]">&gt;&gt;</a>&nbsp;&nbsp;&nbsp;GPIO_ResetBits
<LI><a href="#[5c]">&gt;&gt;</a>&nbsp;&nbsp;&nbsp;GPIO_SetBits
<LI><a href="#[5d]">&gt;&gt;</a>&nbsp;&nbsp;&nbsp;SPI_WriteReadByte
</UL>

<P><STRONG><a name="[a7]"></a>SFLASH_WAKEUP</STRONG> (Thumb, 26 bytes, Stack size 8 bytes, w25qxx.o(.text), UNUSED)
<BR><BR>[Calls]<UL><LI><a href="#[7b]">&gt;&gt;</a>&nbsp;&nbsp;&nbsp;GPIO_ResetBits
<LI><a href="#[5c]">&gt;&gt;</a>&nbsp;&nbsp;&nbsp;GPIO_SetBits
<LI><a href="#[5d]">&gt;&gt;</a>&nbsp;&nbsp;&nbsp;SPI_WriteReadByte
</UL>

<P><STRONG><a name="[60]"></a>SFLASH_ReadID</STRONG> (Thumb, 66 bytes, Stack size 8 bytes, w25qxx.o(.text))
<BR><BR>[Stack]<UL><LI>Max Depth = 16<LI>Call Chain = SFLASH_ReadID &rArr; SPI_WriteReadByte
</UL>
<BR>[Calls]<UL><LI><a href="#[7b]">&gt;&gt;</a>&nbsp;&nbsp;&nbsp;GPIO_ResetBits
<LI><a href="#[5c]">&gt;&gt;</a>&nbsp;&nbsp;&nbsp;GPIO_SetBits
<LI><a href="#[5d]">&gt;&gt;</a>&nbsp;&nbsp;&nbsp;SPI_WriteReadByte
</UL>
<BR>[Called By]<UL><LI><a href="#[48]">&gt;&gt;</a>&nbsp;&nbsp;&nbsp;spiflash_test
</UL>

<P><STRONG><a name="[44]"></a>signal_motro_gpio_init</STRONG> (Thumb, 92 bytes, Stack size 16 bytes, motor_ctrl.o(.text))
<BR><BR>[Stack]<UL><LI>Max Depth = 36<LI>Call Chain = signal_motro_gpio_init &rArr; GPIO_Init
</UL>
<BR>[Calls]<UL><LI><a href="#[59]">&gt;&gt;</a>&nbsp;&nbsp;&nbsp;RCC_AHBPeriphClockCmd
<LI><a href="#[5a]">&gt;&gt;</a>&nbsp;&nbsp;&nbsp;GPIO_Init
</UL>
<BR>[Called By]<UL><LI><a href="#[24]">&gt;&gt;</a>&nbsp;&nbsp;&nbsp;App_Task_SEC
</UL>

<P><STRONG><a name="[a8]"></a>single_motor_test</STRONG> (Thumb, 38 bytes, Stack size 8 bytes, motor_ctrl.o(.text), UNUSED)
<BR><BR>[Calls]<UL><LI><a href="#[7b]">&gt;&gt;</a>&nbsp;&nbsp;&nbsp;GPIO_ResetBits
<LI><a href="#[9b]">&gt;&gt;</a>&nbsp;&nbsp;&nbsp;delay_ms
<LI><a href="#[5c]">&gt;&gt;</a>&nbsp;&nbsp;&nbsp;GPIO_SetBits
<LI><a href="#[4e]">&gt;&gt;</a>&nbsp;&nbsp;&nbsp;led_ctrl_func
</UL>

<P><STRONG><a name="[70]"></a>unlocking_ctrl</STRONG> (Thumb, 106 bytes, Stack size 16 bytes, motor_ctrl.o(.text))
<BR><BR>[Stack]<UL><LI>Max Depth = 16<LI>Call Chain = unlocking_ctrl
</UL>
<BR>[Calls]<UL><LI><a href="#[7b]">&gt;&gt;</a>&nbsp;&nbsp;&nbsp;GPIO_ResetBits
<LI><a href="#[5c]">&gt;&gt;</a>&nbsp;&nbsp;&nbsp;GPIO_SetBits
</UL>
<BR>[Called By]<UL><LI><a href="#[6d]">&gt;&gt;</a>&nbsp;&nbsp;&nbsp;protocol_deal
</UL>

<P><STRONG><a name="[b3]"></a>sim7600_flag_init</STRONG> (Thumb, 14 bytes, Stack size 0 bytes, usart_4g.o(.text))
<BR><BR>[Called By]<UL><LI><a href="#[46]">&gt;&gt;</a>&nbsp;&nbsp;&nbsp;usart_4g_init
</UL>

<P><STRONG><a name="[a9]"></a>usart_4g_config</STRONG> (Thumb, 252 bytes, Stack size 88 bytes, usart_4g.o(.text))
<BR><BR>[Stack]<UL><LI>Max Depth = 188<LI>Call Chain = usart_4g_config &rArr; USART_Init &rArr; RCC_GetClocksFreq &rArr; __aeabi_uidivmod
</UL>
<BR>[Calls]<UL><LI><a href="#[ab]">&gt;&gt;</a>&nbsp;&nbsp;&nbsp;USART_DMACmd
<LI><a href="#[ac]">&gt;&gt;</a>&nbsp;&nbsp;&nbsp;USART_ClearFlag
<LI><a href="#[aa]">&gt;&gt;</a>&nbsp;&nbsp;&nbsp;NVIC_Init
<LI><a href="#[ae]">&gt;&gt;</a>&nbsp;&nbsp;&nbsp;DMA_Init
<LI><a href="#[b0]">&gt;&gt;</a>&nbsp;&nbsp;&nbsp;DMA_ITConfig
<LI><a href="#[ad]">&gt;&gt;</a>&nbsp;&nbsp;&nbsp;DMA_DeInit
<LI><a href="#[b1]">&gt;&gt;</a>&nbsp;&nbsp;&nbsp;DMA_Cmd
<LI><a href="#[af]">&gt;&gt;</a>&nbsp;&nbsp;&nbsp;DMA_ClearFlag
<LI><a href="#[7f]">&gt;&gt;</a>&nbsp;&nbsp;&nbsp;USART_Init
<LI><a href="#[80]">&gt;&gt;</a>&nbsp;&nbsp;&nbsp;USART_ITConfig
<LI><a href="#[81]">&gt;&gt;</a>&nbsp;&nbsp;&nbsp;USART_Cmd
<LI><a href="#[54]">&gt;&gt;</a>&nbsp;&nbsp;&nbsp;RCC_APB1PeriphClockCmd
<LI><a href="#[59]">&gt;&gt;</a>&nbsp;&nbsp;&nbsp;RCC_AHBPeriphClockCmd
<LI><a href="#[5b]">&gt;&gt;</a>&nbsp;&nbsp;&nbsp;GPIO_PinAFConfig
<LI><a href="#[5a]">&gt;&gt;</a>&nbsp;&nbsp;&nbsp;GPIO_Init
</UL>
<BR>[Called By]<UL><LI><a href="#[75]">&gt;&gt;</a>&nbsp;&nbsp;&nbsp;sim7600ce_config
<LI><a href="#[46]">&gt;&gt;</a>&nbsp;&nbsp;&nbsp;usart_4g_init
</UL>

<P><STRONG><a name="[b2]"></a>usart_4g_gpio_init</STRONG> (Thumb, 70 bytes, Stack size 16 bytes, usart_4g.o(.text))
<BR><BR>[Stack]<UL><LI>Max Depth = 36<LI>Call Chain = usart_4g_gpio_init &rArr; GPIO_Init
</UL>
<BR>[Calls]<UL><LI><a href="#[7b]">&gt;&gt;</a>&nbsp;&nbsp;&nbsp;GPIO_ResetBits
<LI><a href="#[59]">&gt;&gt;</a>&nbsp;&nbsp;&nbsp;RCC_AHBPeriphClockCmd
<LI><a href="#[5a]">&gt;&gt;</a>&nbsp;&nbsp;&nbsp;GPIO_Init
</UL>
<BR>[Called By]<UL><LI><a href="#[46]">&gt;&gt;</a>&nbsp;&nbsp;&nbsp;usart_4g_init
</UL>

<P><STRONG><a name="[46]"></a>usart_4g_init</STRONG> (Thumb, 20 bytes, Stack size 8 bytes, usart_4g.o(.text))
<BR><BR>[Stack]<UL><LI>Max Depth = 196<LI>Call Chain = usart_4g_init &rArr; usart_4g_config &rArr; USART_Init &rArr; RCC_GetClocksFreq &rArr; __aeabi_uidivmod
</UL>
<BR>[Calls]<UL><LI><a href="#[b2]">&gt;&gt;</a>&nbsp;&nbsp;&nbsp;usart_4g_gpio_init
<LI><a href="#[a9]">&gt;&gt;</a>&nbsp;&nbsp;&nbsp;usart_4g_config
<LI><a href="#[b3]">&gt;&gt;</a>&nbsp;&nbsp;&nbsp;sim7600_flag_init
</UL>
<BR>[Called By]<UL><LI><a href="#[24]">&gt;&gt;</a>&nbsp;&nbsp;&nbsp;App_Task_SEC
</UL>

<P><STRONG><a name="[b4]"></a>usart_dma_init</STRONG> (Thumb, 164 bytes, Stack size 48 bytes, usart_4g.o(.text), UNUSED)
<BR><BR>[Calls]<UL><LI><a href="#[ab]">&gt;&gt;</a>&nbsp;&nbsp;&nbsp;USART_DMACmd
<LI><a href="#[ae]">&gt;&gt;</a>&nbsp;&nbsp;&nbsp;DMA_Init
<LI><a href="#[ad]">&gt;&gt;</a>&nbsp;&nbsp;&nbsp;DMA_DeInit
<LI><a href="#[b1]">&gt;&gt;</a>&nbsp;&nbsp;&nbsp;DMA_Cmd
<LI><a href="#[59]">&gt;&gt;</a>&nbsp;&nbsp;&nbsp;RCC_AHBPeriphClockCmd
</UL>

<P><STRONG><a name="[b6]"></a>Usart2_SendByte</STRONG> (Thumb, 26 bytes, Stack size 0 bytes, usart_4g.o(.text))
<BR><BR>[Called By]<UL><LI><a href="#[b5]">&gt;&gt;</a>&nbsp;&nbsp;&nbsp;Usart2_SendNByte
</UL>

<P><STRONG><a name="[b5]"></a>Usart2_SendNByte</STRONG> (Thumb, 28 bytes, Stack size 8 bytes, usart_4g.o(.text))
<BR><BR>[Stack]<UL><LI>Max Depth = 8<LI>Call Chain = Usart2_SendNByte
</UL>
<BR>[Calls]<UL><LI><a href="#[b6]">&gt;&gt;</a>&nbsp;&nbsp;&nbsp;Usart2_SendByte
</UL>
<BR>[Called By]<UL><LI><a href="#[68]">&gt;&gt;</a>&nbsp;&nbsp;&nbsp;usart_4g_send_data
</UL>

<P><STRONG><a name="[68]"></a>usart_4g_send_data</STRONG> (Thumb, 24 bytes, Stack size 16 bytes, usart_4g.o(.text))
<BR><BR>[Stack]<UL><LI>Max Depth = 40<LI>Call Chain = usart_4g_send_data &rArr; __2printf
</UL>
<BR>[Calls]<UL><LI><a href="#[b5]">&gt;&gt;</a>&nbsp;&nbsp;&nbsp;Usart2_SendNByte
<LI><a href="#[4b]">&gt;&gt;</a>&nbsp;&nbsp;&nbsp;__2printf
</UL>
<BR>[Called By]<UL><LI><a href="#[c2]">&gt;&gt;</a>&nbsp;&nbsp;&nbsp;AT_ATO
<LI><a href="#[c1]">&gt;&gt;</a>&nbsp;&nbsp;&nbsp;AT_ATE
<LI><a href="#[c0]">&gt;&gt;</a>&nbsp;&nbsp;&nbsp;AT_CIPSHUT
<LI><a href="#[bf]">&gt;&gt;</a>&nbsp;&nbsp;&nbsp;AT_CHECK_CIPOPEN
<LI><a href="#[be]">&gt;&gt;</a>&nbsp;&nbsp;&nbsp;AT_CIPOPEN
<LI><a href="#[bd]">&gt;&gt;</a>&nbsp;&nbsp;&nbsp;AT_CIPRXGET
<LI><a href="#[bc]">&gt;&gt;</a>&nbsp;&nbsp;&nbsp;AT_NETOPEN
<LI><a href="#[bb]">&gt;&gt;</a>&nbsp;&nbsp;&nbsp;AT_NETCLOSE
<LI><a href="#[ba]">&gt;&gt;</a>&nbsp;&nbsp;&nbsp;AT_CIPMODE
<LI><a href="#[b9]">&gt;&gt;</a>&nbsp;&nbsp;&nbsp;AT_CGDCONT
<LI><a href="#[b8]">&gt;&gt;</a>&nbsp;&nbsp;&nbsp;AT_CSQ
<LI><a href="#[b7]">&gt;&gt;</a>&nbsp;&nbsp;&nbsp;AT_TEST
<LI><a href="#[67]">&gt;&gt;</a>&nbsp;&nbsp;&nbsp;gprs_protocol_data_send
</UL>

<P><STRONG><a name="[b7]"></a>AT_TEST</STRONG> (Thumb, 12 bytes, Stack size 8 bytes, usart_4g.o(.text), UNUSED)
<BR><BR>[Calls]<UL><LI><a href="#[68]">&gt;&gt;</a>&nbsp;&nbsp;&nbsp;usart_4g_send_data
</UL>

<P><STRONG><a name="[b8]"></a>AT_CSQ</STRONG> (Thumb, 12 bytes, Stack size 8 bytes, usart_4g.o(.text), UNUSED)
<BR><BR>[Calls]<UL><LI><a href="#[68]">&gt;&gt;</a>&nbsp;&nbsp;&nbsp;usart_4g_send_data
</UL>

<P><STRONG><a name="[b9]"></a>AT_CGDCONT</STRONG> (Thumb, 12 bytes, Stack size 8 bytes, usart_4g.o(.text))
<BR><BR>[Stack]<UL><LI>Max Depth = 48<LI>Call Chain = AT_CGDCONT &rArr; usart_4g_send_data &rArr; __2printf
</UL>
<BR>[Calls]<UL><LI><a href="#[68]">&gt;&gt;</a>&nbsp;&nbsp;&nbsp;usart_4g_send_data
</UL>
<BR>[Called By]<UL><LI><a href="#[75]">&gt;&gt;</a>&nbsp;&nbsp;&nbsp;sim7600ce_config
</UL>

<P><STRONG><a name="[ba]"></a>AT_CIPMODE</STRONG> (Thumb, 12 bytes, Stack size 8 bytes, usart_4g.o(.text))
<BR><BR>[Stack]<UL><LI>Max Depth = 48<LI>Call Chain = AT_CIPMODE &rArr; usart_4g_send_data &rArr; __2printf
</UL>
<BR>[Calls]<UL><LI><a href="#[68]">&gt;&gt;</a>&nbsp;&nbsp;&nbsp;usart_4g_send_data
</UL>
<BR>[Called By]<UL><LI><a href="#[75]">&gt;&gt;</a>&nbsp;&nbsp;&nbsp;sim7600ce_config
</UL>

<P><STRONG><a name="[bb]"></a>AT_NETCLOSE</STRONG> (Thumb, 12 bytes, Stack size 8 bytes, usart_4g.o(.text))
<BR><BR>[Stack]<UL><LI>Max Depth = 48<LI>Call Chain = AT_NETCLOSE &rArr; usart_4g_send_data &rArr; __2printf
</UL>
<BR>[Calls]<UL><LI><a href="#[68]">&gt;&gt;</a>&nbsp;&nbsp;&nbsp;usart_4g_send_data
</UL>
<BR>[Called By]<UL><LI><a href="#[75]">&gt;&gt;</a>&nbsp;&nbsp;&nbsp;sim7600ce_config
</UL>

<P><STRONG><a name="[bc]"></a>AT_NETOPEN</STRONG> (Thumb, 12 bytes, Stack size 8 bytes, usart_4g.o(.text))
<BR><BR>[Stack]<UL><LI>Max Depth = 48<LI>Call Chain = AT_NETOPEN &rArr; usart_4g_send_data &rArr; __2printf
</UL>
<BR>[Calls]<UL><LI><a href="#[68]">&gt;&gt;</a>&nbsp;&nbsp;&nbsp;usart_4g_send_data
</UL>
<BR>[Called By]<UL><LI><a href="#[75]">&gt;&gt;</a>&nbsp;&nbsp;&nbsp;sim7600ce_config
</UL>

<P><STRONG><a name="[bd]"></a>AT_CIPRXGET</STRONG> (Thumb, 12 bytes, Stack size 8 bytes, usart_4g.o(.text), UNUSED)
<BR><BR>[Calls]<UL><LI><a href="#[68]">&gt;&gt;</a>&nbsp;&nbsp;&nbsp;usart_4g_send_data
</UL>

<P><STRONG><a name="[be]"></a>AT_CIPOPEN</STRONG> (Thumb, 12 bytes, Stack size 8 bytes, usart_4g.o(.text))
<BR><BR>[Stack]<UL><LI>Max Depth = 48<LI>Call Chain = AT_CIPOPEN &rArr; usart_4g_send_data &rArr; __2printf
</UL>
<BR>[Calls]<UL><LI><a href="#[68]">&gt;&gt;</a>&nbsp;&nbsp;&nbsp;usart_4g_send_data
</UL>
<BR>[Called By]<UL><LI><a href="#[75]">&gt;&gt;</a>&nbsp;&nbsp;&nbsp;sim7600ce_config
</UL>

<P><STRONG><a name="[bf]"></a>AT_CHECK_CIPOPEN</STRONG> (Thumb, 12 bytes, Stack size 8 bytes, usart_4g.o(.text), UNUSED)
<BR><BR>[Calls]<UL><LI><a href="#[68]">&gt;&gt;</a>&nbsp;&nbsp;&nbsp;usart_4g_send_data
</UL>

<P><STRONG><a name="[c0]"></a>AT_CIPSHUT</STRONG> (Thumb, 12 bytes, Stack size 8 bytes, usart_4g.o(.text), UNUSED)
<BR><BR>[Calls]<UL><LI><a href="#[68]">&gt;&gt;</a>&nbsp;&nbsp;&nbsp;usart_4g_send_data
</UL>

<P><STRONG><a name="[c1]"></a>AT_ATE</STRONG> (Thumb, 12 bytes, Stack size 8 bytes, usart_4g.o(.text), UNUSED)
<BR><BR>[Calls]<UL><LI><a href="#[68]">&gt;&gt;</a>&nbsp;&nbsp;&nbsp;usart_4g_send_data
</UL>

<P><STRONG><a name="[c2]"></a>AT_ATO</STRONG> (Thumb, 12 bytes, Stack size 8 bytes, usart_4g.o(.text))
<BR><BR>[Stack]<UL><LI>Max Depth = 48<LI>Call Chain = AT_ATO &rArr; usart_4g_send_data &rArr; __2printf
</UL>
<BR>[Calls]<UL><LI><a href="#[68]">&gt;&gt;</a>&nbsp;&nbsp;&nbsp;usart_4g_send_data
</UL>
<BR>[Called By]<UL><LI><a href="#[75]">&gt;&gt;</a>&nbsp;&nbsp;&nbsp;sim7600ce_config
</UL>

<P><STRONG><a name="[75]"></a>sim7600ce_config</STRONG> (Thumb, 110 bytes, Stack size 8 bytes, usart_4g.o(.text))
<BR><BR>[Stack]<UL><LI>Max Depth = 196 + Unknown Stack Size
<LI>Call Chain = sim7600ce_config &rArr; usart_4g_config &rArr; USART_Init &rArr; RCC_GetClocksFreq &rArr; __aeabi_uidivmod
</UL>
<BR>[Calls]<UL><LI><a href="#[c2]">&gt;&gt;</a>&nbsp;&nbsp;&nbsp;AT_ATO
<LI><a href="#[be]">&gt;&gt;</a>&nbsp;&nbsp;&nbsp;AT_CIPOPEN
<LI><a href="#[bc]">&gt;&gt;</a>&nbsp;&nbsp;&nbsp;AT_NETOPEN
<LI><a href="#[bb]">&gt;&gt;</a>&nbsp;&nbsp;&nbsp;AT_NETCLOSE
<LI><a href="#[ba]">&gt;&gt;</a>&nbsp;&nbsp;&nbsp;AT_CIPMODE
<LI><a href="#[b9]">&gt;&gt;</a>&nbsp;&nbsp;&nbsp;AT_CGDCONT
<LI><a href="#[a9]">&gt;&gt;</a>&nbsp;&nbsp;&nbsp;usart_4g_config
<LI><a href="#[3b]">&gt;&gt;</a>&nbsp;&nbsp;&nbsp;OSTimeDly
<LI><a href="#[4b]">&gt;&gt;</a>&nbsp;&nbsp;&nbsp;__2printf
</UL>
<BR>[Called By]<UL><LI><a href="#[4f]">&gt;&gt;</a>&nbsp;&nbsp;&nbsp;sim7600_stat_check
</UL>

<P><STRONG><a name="[c3]"></a>NVIC_Configuration</STRONG> (Thumb, 22 bytes, Stack size 8 bytes, usart_4g.o(.text), UNUSED)
<BR><BR>[Calls]<UL><LI><a href="#[aa]">&gt;&gt;</a>&nbsp;&nbsp;&nbsp;NVIC_Init
</UL>

<P><STRONG><a name="[21]"></a>USART2_IRQHandler</STRONG> (Thumb, 84 bytes, Stack size 16 bytes, usart_4g.o(.text))
<BR><BR>[Stack]<UL><LI>Max Depth = 108 + Unknown Stack Size
<LI>Call Chain = USART2_IRQHandler &rArr; sim7600_data_deal &rArr; OSSemPost &rArr; OS_EventTaskRdy &rArr; OS_EventTaskRemove
</UL>
<BR>[Calls]<UL><LI><a href="#[c4]">&gt;&gt;</a>&nbsp;&nbsp;&nbsp;USART_GetITStatus
<LI><a href="#[ac]">&gt;&gt;</a>&nbsp;&nbsp;&nbsp;USART_ClearFlag
<LI><a href="#[c6]">&gt;&gt;</a>&nbsp;&nbsp;&nbsp;DMA_SetCurrDataCounter
<LI><a href="#[c5]">&gt;&gt;</a>&nbsp;&nbsp;&nbsp;DMA_GetCurrDataCounter
<LI><a href="#[b1]">&gt;&gt;</a>&nbsp;&nbsp;&nbsp;DMA_Cmd
<LI><a href="#[76]">&gt;&gt;</a>&nbsp;&nbsp;&nbsp;sim7600_data_deal
<LI><a href="#[49]">&gt;&gt;</a>&nbsp;&nbsp;&nbsp;__aeabi_memclr
</UL>
<BR>[Address Reference Count : 1]<UL><LI> startup_stm32f0xx.o(RESET)
</UL>
<P><STRONG><a name="[11f]"></a>RCC_DeInit</STRONG> (Thumb, 104 bytes, Stack size 0 bytes, stm32f0xx_rcc.o(.text), UNUSED)

<P><STRONG><a name="[120]"></a>RCC_HSEConfig</STRONG> (Thumb, 12 bytes, Stack size 0 bytes, stm32f0xx_rcc.o(.text), UNUSED)

<P><STRONG><a name="[c8]"></a>RCC_GetFlagStatus</STRONG> (Thumb, 68 bytes, Stack size 8 bytes, stm32f0xx_rcc.o(.text), UNUSED)
<BR><BR>[Called By]<UL><LI><a href="#[c7]">&gt;&gt;</a>&nbsp;&nbsp;&nbsp;RCC_WaitForHSEStartUp
</UL>

<P><STRONG><a name="[c7]"></a>RCC_WaitForHSEStartUp</STRONG> (Thumb, 60 bytes, Stack size 16 bytes, stm32f0xx_rcc.o(.text), UNUSED)
<BR><BR>[Calls]<UL><LI><a href="#[c8]">&gt;&gt;</a>&nbsp;&nbsp;&nbsp;RCC_GetFlagStatus
</UL>

<P><STRONG><a name="[121]"></a>RCC_AdjustHSICalibrationValue</STRONG> (Thumb, 26 bytes, Stack size 0 bytes, stm32f0xx_rcc.o(.text), UNUSED)

<P><STRONG><a name="[122]"></a>RCC_HSICmd</STRONG> (Thumb, 32 bytes, Stack size 0 bytes, stm32f0xx_rcc.o(.text), UNUSED)

<P><STRONG><a name="[123]"></a>RCC_AdjustHSI14CalibrationValue</STRONG> (Thumb, 26 bytes, Stack size 0 bytes, stm32f0xx_rcc.o(.text), UNUSED)

<P><STRONG><a name="[124]"></a>RCC_HSI14Cmd</STRONG> (Thumb, 32 bytes, Stack size 0 bytes, stm32f0xx_rcc.o(.text), UNUSED)

<P><STRONG><a name="[125]"></a>RCC_HSI14ADCRequestCmd</STRONG> (Thumb, 32 bytes, Stack size 0 bytes, stm32f0xx_rcc.o(.text), UNUSED)

<P><STRONG><a name="[126]"></a>RCC_LSEConfig</STRONG> (Thumb, 34 bytes, Stack size 0 bytes, stm32f0xx_rcc.o(.text), UNUSED)

<P><STRONG><a name="[127]"></a>RCC_LSEDriveConfig</STRONG> (Thumb, 22 bytes, Stack size 0 bytes, stm32f0xx_rcc.o(.text), UNUSED)

<P><STRONG><a name="[128]"></a>RCC_LSICmd</STRONG> (Thumb, 32 bytes, Stack size 0 bytes, stm32f0xx_rcc.o(.text), UNUSED)

<P><STRONG><a name="[129]"></a>RCC_PLLConfig</STRONG> (Thumb, 30 bytes, Stack size 0 bytes, stm32f0xx_rcc.o(.text), UNUSED)

<P><STRONG><a name="[12a]"></a>RCC_PLLCmd</STRONG> (Thumb, 36 bytes, Stack size 0 bytes, stm32f0xx_rcc.o(.text), UNUSED)

<P><STRONG><a name="[12b]"></a>RCC_PREDIV1Config</STRONG> (Thumb, 24 bytes, Stack size 0 bytes, stm32f0xx_rcc.o(.text), UNUSED)

<P><STRONG><a name="[12c]"></a>RCC_ClockSecuritySystemCmd</STRONG> (Thumb, 36 bytes, Stack size 0 bytes, stm32f0xx_rcc.o(.text), UNUSED)

<P><STRONG><a name="[12d]"></a>RCC_MCOConfig</STRONG> (Thumb, 6 bytes, Stack size 0 bytes, stm32f0xx_rcc.o(.text), UNUSED)

<P><STRONG><a name="[12e]"></a>RCC_SYSCLKConfig</STRONG> (Thumb, 24 bytes, Stack size 0 bytes, stm32f0xx_rcc.o(.text), UNUSED)

<P><STRONG><a name="[12f]"></a>RCC_GetSYSCLKSource</STRONG> (Thumb, 10 bytes, Stack size 0 bytes, stm32f0xx_rcc.o(.text), UNUSED)

<P><STRONG><a name="[130]"></a>RCC_HCLKConfig</STRONG> (Thumb, 28 bytes, Stack size 0 bytes, stm32f0xx_rcc.o(.text), UNUSED)

<P><STRONG><a name="[131]"></a>RCC_PCLKConfig</STRONG> (Thumb, 30 bytes, Stack size 0 bytes, stm32f0xx_rcc.o(.text), UNUSED)

<P><STRONG><a name="[132]"></a>RCC_ADCCLKConfig</STRONG> (Thumb, 52 bytes, Stack size 0 bytes, stm32f0xx_rcc.o(.text), UNUSED)

<P><STRONG><a name="[133]"></a>RCC_CECCLKConfig</STRONG> (Thumb, 22 bytes, Stack size 0 bytes, stm32f0xx_rcc.o(.text), UNUSED)

<P><STRONG><a name="[134]"></a>RCC_I2CCLKConfig</STRONG> (Thumb, 22 bytes, Stack size 0 bytes, stm32f0xx_rcc.o(.text), UNUSED)

<P><STRONG><a name="[135]"></a>RCC_USARTCLKConfig</STRONG> (Thumb, 22 bytes, Stack size 0 bytes, stm32f0xx_rcc.o(.text), UNUSED)

<P><STRONG><a name="[c9]"></a>RCC_GetClocksFreq</STRONG> (Thumb, 368 bytes, Stack size 32 bytes, stm32f0xx_rcc.o(.text))
<BR><BR>[Stack]<UL><LI>Max Depth = 44<LI>Call Chain = RCC_GetClocksFreq &rArr; __aeabi_uidivmod
</UL>
<BR>[Calls]<UL><LI><a href="#[ca]">&gt;&gt;</a>&nbsp;&nbsp;&nbsp;__aeabi_uidivmod
</UL>
<BR>[Called By]<UL><LI><a href="#[7f]">&gt;&gt;</a>&nbsp;&nbsp;&nbsp;USART_Init
<LI><a href="#[d1]">&gt;&gt;</a>&nbsp;&nbsp;&nbsp;I2S_Init
</UL>

<P><STRONG><a name="[136]"></a>RCC_RTCCLKConfig</STRONG> (Thumb, 12 bytes, Stack size 0 bytes, stm32f0xx_rcc.o(.text), UNUSED)

<P><STRONG><a name="[137]"></a>RCC_RTCCLKCmd</STRONG> (Thumb, 36 bytes, Stack size 0 bytes, stm32f0xx_rcc.o(.text), UNUSED)

<P><STRONG><a name="[138]"></a>RCC_BackupResetCmd</STRONG> (Thumb, 36 bytes, Stack size 0 bytes, stm32f0xx_rcc.o(.text), UNUSED)

<P><STRONG><a name="[59]"></a>RCC_AHBPeriphClockCmd</STRONG> (Thumb, 28 bytes, Stack size 0 bytes, stm32f0xx_rcc.o(.text))
<BR><BR>[Called By]<UL><LI><a href="#[b4]">&gt;&gt;</a>&nbsp;&nbsp;&nbsp;usart_dma_init
<LI><a href="#[b2]">&gt;&gt;</a>&nbsp;&nbsp;&nbsp;usart_4g_gpio_init
<LI><a href="#[a9]">&gt;&gt;</a>&nbsp;&nbsp;&nbsp;usart_4g_config
<LI><a href="#[8d]">&gt;&gt;</a>&nbsp;&nbsp;&nbsp;spi_nfc_gpio_init
<LI><a href="#[7c]">&gt;&gt;</a>&nbsp;&nbsp;&nbsp;USART_GPIO_Configuration
<LI><a href="#[58]">&gt;&gt;</a>&nbsp;&nbsp;&nbsp;spi_flash_gpio_init
<LI><a href="#[45]">&gt;&gt;</a>&nbsp;&nbsp;&nbsp;wtn6170_gpio_init
<LI><a href="#[44]">&gt;&gt;</a>&nbsp;&nbsp;&nbsp;signal_motro_gpio_init
<LI><a href="#[31]">&gt;&gt;</a>&nbsp;&nbsp;&nbsp;LED_Configuration
</UL>

<P><STRONG><a name="[7e]"></a>RCC_APB2PeriphClockCmd</STRONG> (Thumb, 28 bytes, Stack size 0 bytes, stm32f0xx_rcc.o(.text))
<BR><BR>[Called By]<UL><LI><a href="#[7d]">&gt;&gt;</a>&nbsp;&nbsp;&nbsp;USART_Configuration
</UL>

<P><STRONG><a name="[54]"></a>RCC_APB1PeriphClockCmd</STRONG> (Thumb, 28 bytes, Stack size 0 bytes, stm32f0xx_rcc.o(.text))
<BR><BR>[Called By]<UL><LI><a href="#[a9]">&gt;&gt;</a>&nbsp;&nbsp;&nbsp;usart_4g_config
<LI><a href="#[53]">&gt;&gt;</a>&nbsp;&nbsp;&nbsp;spi_flash_config
</UL>

<P><STRONG><a name="[cc]"></a>RCC_AHBPeriphResetCmd</STRONG> (Thumb, 28 bytes, Stack size 0 bytes, stm32f0xx_rcc.o(.text), UNUSED)
<BR><BR>[Called By]<UL><LI><a href="#[cb]">&gt;&gt;</a>&nbsp;&nbsp;&nbsp;GPIO_DeInit
</UL>

<P><STRONG><a name="[ce]"></a>RCC_APB2PeriphResetCmd</STRONG> (Thumb, 28 bytes, Stack size 0 bytes, stm32f0xx_rcc.o(.text), UNUSED)
<BR><BR>[Called By]<UL><LI><a href="#[cd]">&gt;&gt;</a>&nbsp;&nbsp;&nbsp;USART_DeInit
<LI><a href="#[d0]">&gt;&gt;</a>&nbsp;&nbsp;&nbsp;SPI_I2S_DeInit
</UL>

<P><STRONG><a name="[cf]"></a>RCC_APB1PeriphResetCmd</STRONG> (Thumb, 28 bytes, Stack size 0 bytes, stm32f0xx_rcc.o(.text), UNUSED)
<BR><BR>[Called By]<UL><LI><a href="#[cd]">&gt;&gt;</a>&nbsp;&nbsp;&nbsp;USART_DeInit
<LI><a href="#[d0]">&gt;&gt;</a>&nbsp;&nbsp;&nbsp;SPI_I2S_DeInit
</UL>

<P><STRONG><a name="[139]"></a>RCC_ITConfig</STRONG> (Thumb, 28 bytes, Stack size 0 bytes, stm32f0xx_rcc.o(.text), UNUSED)

<P><STRONG><a name="[13a]"></a>RCC_ClearFlag</STRONG> (Thumb, 16 bytes, Stack size 0 bytes, stm32f0xx_rcc.o(.text), UNUSED)

<P><STRONG><a name="[13b]"></a>RCC_GetITStatus</STRONG> (Thumb, 22 bytes, Stack size 0 bytes, stm32f0xx_rcc.o(.text), UNUSED)

<P><STRONG><a name="[13c]"></a>RCC_ClearITPendingBit</STRONG> (Thumb, 6 bytes, Stack size 0 bytes, stm32f0xx_rcc.o(.text), UNUSED)

<P><STRONG><a name="[cb]"></a>GPIO_DeInit</STRONG> (Thumb, 132 bytes, Stack size 8 bytes, stm32f0xx_gpio.o(.text), UNUSED)
<BR><BR>[Calls]<UL><LI><a href="#[cc]">&gt;&gt;</a>&nbsp;&nbsp;&nbsp;RCC_AHBPeriphResetCmd
</UL>

<P><STRONG><a name="[5a]"></a>GPIO_Init</STRONG> (Thumb, 144 bytes, Stack size 20 bytes, stm32f0xx_gpio.o(.text))
<BR><BR>[Stack]<UL><LI>Max Depth = 20<LI>Call Chain = GPIO_Init
</UL>
<BR>[Called By]<UL><LI><a href="#[b2]">&gt;&gt;</a>&nbsp;&nbsp;&nbsp;usart_4g_gpio_init
<LI><a href="#[a9]">&gt;&gt;</a>&nbsp;&nbsp;&nbsp;usart_4g_config
<LI><a href="#[8d]">&gt;&gt;</a>&nbsp;&nbsp;&nbsp;spi_nfc_gpio_init
<LI><a href="#[7c]">&gt;&gt;</a>&nbsp;&nbsp;&nbsp;USART_GPIO_Configuration
<LI><a href="#[58]">&gt;&gt;</a>&nbsp;&nbsp;&nbsp;spi_flash_gpio_init
<LI><a href="#[45]">&gt;&gt;</a>&nbsp;&nbsp;&nbsp;wtn6170_gpio_init
<LI><a href="#[44]">&gt;&gt;</a>&nbsp;&nbsp;&nbsp;signal_motro_gpio_init
<LI><a href="#[31]">&gt;&gt;</a>&nbsp;&nbsp;&nbsp;LED_Configuration
</UL>

<P><STRONG><a name="[13d]"></a>GPIO_StructInit</STRONG> (Thumb, 20 bytes, Stack size 0 bytes, stm32f0xx_gpio.o(.text), UNUSED)

<P><STRONG><a name="[13e]"></a>GPIO_PinLockConfig</STRONG> (Thumb, 34 bytes, Stack size 8 bytes, stm32f0xx_gpio.o(.text), UNUSED)

<P><STRONG><a name="[71]"></a>GPIO_ReadInputDataBit</STRONG> (Thumb, 20 bytes, Stack size 0 bytes, stm32f0xx_gpio.o(.text))
<BR><BR>[Called By]<UL><LI><a href="#[90]">&gt;&gt;</a>&nbsp;&nbsp;&nbsp;ReadRawRC
<LI><a href="#[6d]">&gt;&gt;</a>&nbsp;&nbsp;&nbsp;protocol_deal
<LI><a href="#[4f]">&gt;&gt;</a>&nbsp;&nbsp;&nbsp;sim7600_stat_check
</UL>

<P><STRONG><a name="[13f]"></a>GPIO_ReadInputData</STRONG> (Thumb, 6 bytes, Stack size 0 bytes, stm32f0xx_gpio.o(.text), UNUSED)

<P><STRONG><a name="[140]"></a>GPIO_ReadOutputDataBit</STRONG> (Thumb, 20 bytes, Stack size 0 bytes, stm32f0xx_gpio.o(.text), UNUSED)

<P><STRONG><a name="[141]"></a>GPIO_ReadOutputData</STRONG> (Thumb, 6 bytes, Stack size 0 bytes, stm32f0xx_gpio.o(.text), UNUSED)

<P><STRONG><a name="[5c]"></a>GPIO_SetBits</STRONG> (Thumb, 4 bytes, Stack size 0 bytes, stm32f0xx_gpio.o(.text))
<BR><BR>[Called By]<UL><LI><a href="#[a8]">&gt;&gt;</a>&nbsp;&nbsp;&nbsp;single_motor_test
<LI><a href="#[a7]">&gt;&gt;</a>&nbsp;&nbsp;&nbsp;SFLASH_WAKEUP
<LI><a href="#[a6]">&gt;&gt;</a>&nbsp;&nbsp;&nbsp;SFLASH_PowerDown
<LI><a href="#[a5]">&gt;&gt;</a>&nbsp;&nbsp;&nbsp;SFLASH_EraseChip
<LI><a href="#[a4]">&gt;&gt;</a>&nbsp;&nbsp;&nbsp;SFLASH_EraseBlock
<LI><a href="#[a0]">&gt;&gt;</a>&nbsp;&nbsp;&nbsp;SFLASH_FastReadNByte
<LI><a href="#[9f]">&gt;&gt;</a>&nbsp;&nbsp;&nbsp;SFLASH_WriteSR
<LI><a href="#[9e]">&gt;&gt;</a>&nbsp;&nbsp;&nbsp;SFLASH_ReadSR
<LI><a href="#[9d]">&gt;&gt;</a>&nbsp;&nbsp;&nbsp;SFLASH_WriteDisable
<LI><a href="#[9c]">&gt;&gt;</a>&nbsp;&nbsp;&nbsp;SFLASH_WriteEnable
<LI><a href="#[90]">&gt;&gt;</a>&nbsp;&nbsp;&nbsp;ReadRawRC
<LI><a href="#[8f]">&gt;&gt;</a>&nbsp;&nbsp;&nbsp;WriteRawRC
<LI><a href="#[6f]">&gt;&gt;</a>&nbsp;&nbsp;&nbsp;wtn_send_data
<LI><a href="#[70]">&gt;&gt;</a>&nbsp;&nbsp;&nbsp;unlocking_ctrl
<LI><a href="#[73]">&gt;&gt;</a>&nbsp;&nbsp;&nbsp;make_buzzer_sound
<LI><a href="#[62]">&gt;&gt;</a>&nbsp;&nbsp;&nbsp;SFLASH_WritePage
<LI><a href="#[63]">&gt;&gt;</a>&nbsp;&nbsp;&nbsp;SFLASH_ReadNByte
<LI><a href="#[60]">&gt;&gt;</a>&nbsp;&nbsp;&nbsp;SFLASH_ReadID
<LI><a href="#[61]">&gt;&gt;</a>&nbsp;&nbsp;&nbsp;SFLASH_EraseSector
<LI><a href="#[58]">&gt;&gt;</a>&nbsp;&nbsp;&nbsp;spi_flash_gpio_init
<LI><a href="#[45]">&gt;&gt;</a>&nbsp;&nbsp;&nbsp;wtn6170_gpio_init
<LI><a href="#[39]">&gt;&gt;</a>&nbsp;&nbsp;&nbsp;LED_Off
</UL>

<P><STRONG><a name="[7b]"></a>GPIO_ResetBits</STRONG> (Thumb, 4 bytes, Stack size 0 bytes, stm32f0xx_gpio.o(.text))
<BR><BR>[Called By]<UL><LI><a href="#[b2]">&gt;&gt;</a>&nbsp;&nbsp;&nbsp;usart_4g_gpio_init
<LI><a href="#[a8]">&gt;&gt;</a>&nbsp;&nbsp;&nbsp;single_motor_test
<LI><a href="#[a7]">&gt;&gt;</a>&nbsp;&nbsp;&nbsp;SFLASH_WAKEUP
<LI><a href="#[a6]">&gt;&gt;</a>&nbsp;&nbsp;&nbsp;SFLASH_PowerDown
<LI><a href="#[a5]">&gt;&gt;</a>&nbsp;&nbsp;&nbsp;SFLASH_EraseChip
<LI><a href="#[a4]">&gt;&gt;</a>&nbsp;&nbsp;&nbsp;SFLASH_EraseBlock
<LI><a href="#[a0]">&gt;&gt;</a>&nbsp;&nbsp;&nbsp;SFLASH_FastReadNByte
<LI><a href="#[9e]">&gt;&gt;</a>&nbsp;&nbsp;&nbsp;SFLASH_ReadSR
<LI><a href="#[9d]">&gt;&gt;</a>&nbsp;&nbsp;&nbsp;SFLASH_WriteDisable
<LI><a href="#[9c]">&gt;&gt;</a>&nbsp;&nbsp;&nbsp;SFLASH_WriteEnable
<LI><a href="#[90]">&gt;&gt;</a>&nbsp;&nbsp;&nbsp;ReadRawRC
<LI><a href="#[8f]">&gt;&gt;</a>&nbsp;&nbsp;&nbsp;WriteRawRC
<LI><a href="#[6f]">&gt;&gt;</a>&nbsp;&nbsp;&nbsp;wtn_send_data
<LI><a href="#[70]">&gt;&gt;</a>&nbsp;&nbsp;&nbsp;unlocking_ctrl
<LI><a href="#[73]">&gt;&gt;</a>&nbsp;&nbsp;&nbsp;make_buzzer_sound
<LI><a href="#[62]">&gt;&gt;</a>&nbsp;&nbsp;&nbsp;SFLASH_WritePage
<LI><a href="#[63]">&gt;&gt;</a>&nbsp;&nbsp;&nbsp;SFLASH_ReadNByte
<LI><a href="#[60]">&gt;&gt;</a>&nbsp;&nbsp;&nbsp;SFLASH_ReadID
<LI><a href="#[61]">&gt;&gt;</a>&nbsp;&nbsp;&nbsp;SFLASH_EraseSector
<LI><a href="#[45]">&gt;&gt;</a>&nbsp;&nbsp;&nbsp;wtn6170_gpio_init
<LI><a href="#[37]">&gt;&gt;</a>&nbsp;&nbsp;&nbsp;LED_On
<LI><a href="#[31]">&gt;&gt;</a>&nbsp;&nbsp;&nbsp;LED_Configuration
</UL>

<P><STRONG><a name="[142]"></a>GPIO_WriteBit</STRONG> (Thumb, 12 bytes, Stack size 0 bytes, stm32f0xx_gpio.o(.text), UNUSED)

<P><STRONG><a name="[143]"></a>GPIO_Write</STRONG> (Thumb, 4 bytes, Stack size 0 bytes, stm32f0xx_gpio.o(.text), UNUSED)

<P><STRONG><a name="[5b]"></a>GPIO_PinAFConfig</STRONG> (Thumb, 68 bytes, Stack size 20 bytes, stm32f0xx_gpio.o(.text))
<BR><BR>[Stack]<UL><LI>Max Depth = 20<LI>Call Chain = GPIO_PinAFConfig
</UL>
<BR>[Called By]<UL><LI><a href="#[a9]">&gt;&gt;</a>&nbsp;&nbsp;&nbsp;usart_4g_config
<LI><a href="#[7c]">&gt;&gt;</a>&nbsp;&nbsp;&nbsp;USART_GPIO_Configuration
<LI><a href="#[58]">&gt;&gt;</a>&nbsp;&nbsp;&nbsp;spi_flash_gpio_init
</UL>

<P><STRONG><a name="[cd]"></a>USART_DeInit</STRONG> (Thumb, 56 bytes, Stack size 8 bytes, stm32f0xx_usart.o(.text), UNUSED)
<BR><BR>[Calls]<UL><LI><a href="#[cf]">&gt;&gt;</a>&nbsp;&nbsp;&nbsp;RCC_APB1PeriphResetCmd
<LI><a href="#[ce]">&gt;&gt;</a>&nbsp;&nbsp;&nbsp;RCC_APB2PeriphResetCmd
</UL>

<P><STRONG><a name="[7f]"></a>USART_Init</STRONG> (Thumb, 202 bytes, Stack size 56 bytes, stm32f0xx_usart.o(.text))
<BR><BR>[Stack]<UL><LI>Max Depth = 100<LI>Call Chain = USART_Init &rArr; RCC_GetClocksFreq &rArr; __aeabi_uidivmod
</UL>
<BR>[Calls]<UL><LI><a href="#[c9]">&gt;&gt;</a>&nbsp;&nbsp;&nbsp;RCC_GetClocksFreq
<LI><a href="#[ca]">&gt;&gt;</a>&nbsp;&nbsp;&nbsp;__aeabi_uidivmod
</UL>
<BR>[Called By]<UL><LI><a href="#[a9]">&gt;&gt;</a>&nbsp;&nbsp;&nbsp;usart_4g_config
<LI><a href="#[7d]">&gt;&gt;</a>&nbsp;&nbsp;&nbsp;USART_Configuration
</UL>

<P><STRONG><a name="[144]"></a>USART_StructInit</STRONG> (Thumb, 24 bytes, Stack size 0 bytes, stm32f0xx_usart.o(.text), UNUSED)

<P><STRONG><a name="[145]"></a>USART_ClockInit</STRONG> (Thumb, 36 bytes, Stack size 8 bytes, stm32f0xx_usart.o(.text), UNUSED)

<P><STRONG><a name="[146]"></a>USART_ClockStructInit</STRONG> (Thumb, 12 bytes, Stack size 0 bytes, stm32f0xx_usart.o(.text), UNUSED)

<P><STRONG><a name="[81]"></a>USART_Cmd</STRONG> (Thumb, 24 bytes, Stack size 0 bytes, stm32f0xx_usart.o(.text))
<BR><BR>[Called By]<UL><LI><a href="#[a9]">&gt;&gt;</a>&nbsp;&nbsp;&nbsp;usart_4g_config
<LI><a href="#[7d]">&gt;&gt;</a>&nbsp;&nbsp;&nbsp;USART_Configuration
</UL>

<P><STRONG><a name="[147]"></a>USART_DirectionModeCmd</STRONG> (Thumb, 20 bytes, Stack size 0 bytes, stm32f0xx_usart.o(.text), UNUSED)

<P><STRONG><a name="[148]"></a>USART_OverSampling8Cmd</STRONG> (Thumb, 28 bytes, Stack size 0 bytes, stm32f0xx_usart.o(.text), UNUSED)

<P><STRONG><a name="[149]"></a>USART_OneBitMethodCmd</STRONG> (Thumb, 28 bytes, Stack size 0 bytes, stm32f0xx_usart.o(.text), UNUSED)

<P><STRONG><a name="[14a]"></a>USART_MSBFirstCmd</STRONG> (Thumb, 28 bytes, Stack size 0 bytes, stm32f0xx_usart.o(.text), UNUSED)

<P><STRONG><a name="[14b]"></a>USART_DataInvCmd</STRONG> (Thumb, 28 bytes, Stack size 0 bytes, stm32f0xx_usart.o(.text), UNUSED)

<P><STRONG><a name="[14c]"></a>USART_InvPinCmd</STRONG> (Thumb, 20 bytes, Stack size 0 bytes, stm32f0xx_usart.o(.text), UNUSED)

[...]
<LI><a href="#[dc]">&gt;&gt;</a>&nbsp;&nbsp;&nbsp;OSTaskNameSet
<LI><a href="#[db]">&gt;&gt;</a>&nbsp;&nbsp;&nbsp;OSTaskCreateExt
<LI><a href="#[f2]">&gt;&gt;</a>&nbsp;&nbsp;&nbsp;OS_TCBInit
<LI><a href="#[ee]">&gt;&gt;</a>&nbsp;&nbsp;&nbsp;OSTimeTick
<LI><a href="#[ed]">&gt;&gt;</a>&nbsp;&nbsp;&nbsp;OSStatInit
<LI><a href="#[eb]">&gt;&gt;</a>&nbsp;&nbsp;&nbsp;OSSchedUnlock
<LI><a href="#[e9]">&gt;&gt;</a>&nbsp;&nbsp;&nbsp;OS_Sched
<LI><a href="#[e8]">&gt;&gt;</a>&nbsp;&nbsp;&nbsp;OSSchedLock
<LI><a href="#[2b]">&gt;&gt;</a>&nbsp;&nbsp;&nbsp;OSIntExit
<LI><a href="#[29]">&gt;&gt;</a>&nbsp;&nbsp;&nbsp;OS_TaskIdle
<LI><a href="#[28]">&gt;&gt;</a>&nbsp;&nbsp;&nbsp;OS_TaskStat
</UL>

<P><STRONG><a name="[d8]"></a>OS_CPU_SR_Restore</STRONG> (Thumb, 0 bytes, Stack size unknown bytes, os_cpu_a.o(.text))
<BR><BR>[Called By]<UL><LI><a href="#[77]">&gt;&gt;</a>&nbsp;&nbsp;&nbsp;OSSemPost
<LI><a href="#[74]">&gt;&gt;</a>&nbsp;&nbsp;&nbsp;OSSemPend
<LI><a href="#[3b]">&gt;&gt;</a>&nbsp;&nbsp;&nbsp;OSTimeDly
<LI><a href="#[34]">&gt;&gt;</a>&nbsp;&nbsp;&nbsp;OSTaskCreate
<LI><a href="#[33]">&gt;&gt;</a>&nbsp;&nbsp;&nbsp;OSSemCreate
<LI><a href="#[5]">&gt;&gt;</a>&nbsp;&nbsp;&nbsp;OS_CPU_SysTickHandler
<LI><a href="#[10e]">&gt;&gt;</a>&nbsp;&nbsp;&nbsp;OSTimeSet
<LI><a href="#[10d]">&gt;&gt;</a>&nbsp;&nbsp;&nbsp;OSTimeGet
<LI><a href="#[10c]">&gt;&gt;</a>&nbsp;&nbsp;&nbsp;OSTimeDlyResume
<LI><a href="#[109]">&gt;&gt;</a>&nbsp;&nbsp;&nbsp;OSTaskRegSet
<LI><a href="#[108]">&gt;&gt;</a>&nbsp;&nbsp;&nbsp;OSTaskRegGet
<LI><a href="#[106]">&gt;&gt;</a>&nbsp;&nbsp;&nbsp;OSTaskQuery
<LI><a href="#[105]">&gt;&gt;</a>&nbsp;&nbsp;&nbsp;OSTaskResume
<LI><a href="#[103]">&gt;&gt;</a>&nbsp;&nbsp;&nbsp;OSTaskNameGet
<LI><a href="#[102]">&gt;&gt;</a>&nbsp;&nbsp;&nbsp;OSTaskDelReq
<LI><a href="#[ff]">&gt;&gt;</a>&nbsp;&nbsp;&nbsp;OSTaskDel
<LI><a href="#[fc]">&gt;&gt;</a>&nbsp;&nbsp;&nbsp;OSTaskChangePrio
<LI><a href="#[fb]">&gt;&gt;</a>&nbsp;&nbsp;&nbsp;OSSemSet
<LI><a href="#[fa]">&gt;&gt;</a>&nbsp;&nbsp;&nbsp;OSSemQuery
<LI><a href="#[f9]">&gt;&gt;</a>&nbsp;&nbsp;&nbsp;OSSemPendAbort
<LI><a href="#[f7]">&gt;&gt;</a>&nbsp;&nbsp;&nbsp;OSSemDel
<LI><a href="#[f5]">&gt;&gt;</a>&nbsp;&nbsp;&nbsp;OSSemAccept
<LI><a href="#[d6]">&gt;&gt;</a>&nbsp;&nbsp;&nbsp;OSTaskSuspend
<LI><a href="#[d5]">&gt;&gt;</a>&nbsp;&nbsp;&nbsp;OSTaskStkChk
<LI><a href="#[dc]">&gt;&gt;</a>&nbsp;&nbsp;&nbsp;OSTaskNameSet
<LI><a href="#[db]">&gt;&gt;</a>&nbsp;&nbsp;&nbsp;OSTaskCreateExt
<LI><a href="#[f2]">&gt;&gt;</a>&nbsp;&nbsp;&nbsp;OS_TCBInit
<LI><a href="#[ee]">&gt;&gt;</a>&nbsp;&nbsp;&nbsp;OSTimeTick
<LI><a href="#[ed]">&gt;&gt;</a>&nbsp;&nbsp;&nbsp;OSStatInit
<LI><a href="#[eb]">&gt;&gt;</a>&nbsp;&nbsp;&nbsp;OSSchedUnlock
<LI><a href="#[e9]">&gt;&gt;</a>&nbsp;&nbsp;&nbsp;OS_Sched
<LI><a href="#[e8]">&gt;&gt;</a>&nbsp;&nbsp;&nbsp;OSSchedLock
<LI><a href="#[2b]">&gt;&gt;</a>&nbsp;&nbsp;&nbsp;OSIntExit
<LI><a href="#[29]">&gt;&gt;</a>&nbsp;&nbsp;&nbsp;OS_TaskIdle
<LI><a href="#[28]">&gt;&gt;</a>&nbsp;&nbsp;&nbsp;OS_TaskStat
</UL>

<P><STRONG><a name="[ec]"></a>OSStartHighRdy</STRONG> (Thumb, 0 bytes, Stack size unknown bytes, os_cpu_a.o(.text))
<BR><BR>[Called By]<UL><LI><a href="#[35]">&gt;&gt;</a>&nbsp;&nbsp;&nbsp;OSStart
</UL>

<P><STRONG><a name="[ea]"></a>OSCtxSw</STRONG> (Thumb, 0 bytes, Stack size unknown bytes, os_cpu_a.o(.text))
<BR><BR>[Called By]<UL><LI><a href="#[e9]">&gt;&gt;</a>&nbsp;&nbsp;&nbsp;OS_Sched
</UL>

<P><STRONG><a name="[e7]"></a>OSIntCtxSw</STRONG> (Thumb, 0 bytes, Stack size unknown bytes, os_cpu_a.o(.text))
<BR><BR>[Called By]<UL><LI><a href="#[2b]">&gt;&gt;</a>&nbsp;&nbsp;&nbsp;OSIntExit
</UL>

<P><STRONG><a name="[e2]"></a>OSInitHookBegin</STRONG> (Thumb, 2 bytes, Stack size 0 bytes, os_cpu_c.o(.text))
<BR><BR>[Called By]<UL><LI><a href="#[2f]">&gt;&gt;</a>&nbsp;&nbsp;&nbsp;OSInit
</UL>

<P><STRONG><a name="[e5]"></a>OSInitHookEnd</STRONG> (Thumb, 2 bytes, Stack size 0 bytes, os_cpu_c.o(.text))
<BR><BR>[Called By]<UL><LI><a href="#[2f]">&gt;&gt;</a>&nbsp;&nbsp;&nbsp;OSInit
</UL>

<P><STRONG><a name="[f4]"></a>OSTaskCreateHook</STRONG> (Thumb, 2 bytes, Stack size 0 bytes, os_cpu_c.o(.text))
<BR><BR>[Called By]<UL><LI><a href="#[f2]">&gt;&gt;</a>&nbsp;&nbsp;&nbsp;OS_TCBInit
</UL>

<P><STRONG><a name="[101]"></a>OSTaskDelHook</STRONG> (Thumb, 2 bytes, Stack size 0 bytes, os_cpu_c.o(.text), UNUSED)
<BR><BR>[Called By]<UL><LI><a href="#[ff]">&gt;&gt;</a>&nbsp;&nbsp;&nbsp;OSTaskDel
</UL>

<P><STRONG><a name="[dd]"></a>OSTaskIdleHook</STRONG> (Thumb, 2 bytes, Stack size 0 bytes, os_cpu_c.o(.text))
<BR><BR>[Called By]<UL><LI><a href="#[29]">&gt;&gt;</a>&nbsp;&nbsp;&nbsp;OS_TaskIdle
</UL>

<P><STRONG><a name="[d9]"></a>OSTaskStatHook</STRONG> (Thumb, 2 bytes, Stack size 0 bytes, os_cpu_c.o(.text))
<BR><BR>[Called By]<UL><LI><a href="#[28]">&gt;&gt;</a>&nbsp;&nbsp;&nbsp;OS_TaskStat
</UL>

<P><STRONG><a name="[10b]"></a>OSTaskReturnHook</STRONG> (Thumb, 2 bytes, Stack size 0 bytes, os_cpu_c.o(.text), UNUSED)
<BR><BR>[Called By]<UL><LI><a href="#[10a]">&gt;&gt;</a>&nbsp;&nbsp;&nbsp;OS_TaskReturn
</UL>

<P><STRONG><a name="[fd]"></a>OSTaskStkInit</STRONG> (Thumb, 132 bytes, Stack size 16 bytes, os_cpu_c.o(.text))
<BR><BR>[Stack]<UL><LI>Max Depth = 16<LI>Call Chain = OSTaskStkInit
</UL>
<BR>[Called By]<UL><LI><a href="#[34]">&gt;&gt;</a>&nbsp;&nbsp;&nbsp;OSTaskCreate
<LI><a href="#[db]">&gt;&gt;</a>&nbsp;&nbsp;&nbsp;OSTaskCreateExt
</UL>

<P><STRONG><a name="[2a]"></a>OSTaskSwHook</STRONG> (Thumb, 2 bytes, Stack size 0 bytes, os_cpu_c.o(.text))
<BR>[Address Reference Count : 1]<UL><LI> os_cpu_a.o(.text)
</UL>
<P><STRONG><a name="[f3]"></a>OSTCBInitHook</STRONG> (Thumb, 2 bytes, Stack size 0 bytes, os_cpu_c.o(.text))
<BR><BR>[Called By]<UL><LI><a href="#[f2]">&gt;&gt;</a>&nbsp;&nbsp;&nbsp;OS_TCBInit
</UL>

<P><STRONG><a name="[ef]"></a>OSTimeTickHook</STRONG> (Thumb, 2 bytes, Stack size 0 bytes, os_cpu_c.o(.text))
<BR><BR>[Called By]<UL><LI><a href="#[ee]">&gt;&gt;</a>&nbsp;&nbsp;&nbsp;OSTimeTick
</UL>

<P><STRONG><a name="[5]"></a>OS_CPU_SysTickHandler</STRONG> (Thumb, 34 bytes, Stack size 8 bytes, os_cpu_c.o(.text))
<BR><BR>[Stack]<UL><LI>Max Depth = 24 + Unknown Stack Size
<LI>Call Chain = OS_CPU_SysTickHandler &rArr; OSTimeTick
</UL>
<BR>[Calls]<UL><LI><a href="#[d7]">&gt;&gt;</a>&nbsp;&nbsp;&nbsp;OS_CPU_SR_Save
<LI><a href="#[d8]">&gt;&gt;</a>&nbsp;&nbsp;&nbsp;OS_CPU_SR_Restore
<LI><a href="#[ee]">&gt;&gt;</a>&nbsp;&nbsp;&nbsp;OSTimeTick
<LI><a href="#[2b]">&gt;&gt;</a>&nbsp;&nbsp;&nbsp;OSIntExit
</UL>
<BR>[Address Reference Count : 1]<UL><LI> startup_stm32f0xx.o(RESET)
</UL>
<P><STRONG><a name="[30]"></a>OS_CPU_SysTickInit</STRONG> (Thumb, 48 bytes, Stack size 8 bytes, os_cpu_c.o(.text))
<BR><BR>[Stack]<UL><LI>Max Depth = 20<LI>Call Chain = OS_CPU_SysTickInit &rArr; __aeabi_uidivmod
</UL>
<BR>[Calls]<UL><LI><a href="#[ca]">&gt;&gt;</a>&nbsp;&nbsp;&nbsp;__aeabi_uidivmod
</UL>
<BR>[Called By]<UL><LI><a href="#[23]">&gt;&gt;</a>&nbsp;&nbsp;&nbsp;main
</UL>

<P><STRONG><a name="[190]"></a>__aeabi_uidiv</STRONG> (Thumb, 0 bytes, Stack size 12 bytes, uidiv.o(.text), UNUSED)

<P><STRONG><a name="[ca]"></a>__aeabi_uidivmod</STRONG> (Thumb, 44 bytes, Stack size 12 bytes, uidiv.o(.text))
<BR><BR>[Stack]<UL><LI>Max Depth = 12<LI>Call Chain = __aeabi_uidivmod
</UL>
<BR>[Called By]<UL><LI><a href="#[c9]">&gt;&gt;</a>&nbsp;&nbsp;&nbsp;RCC_GetClocksFreq
<LI><a href="#[7f]">&gt;&gt;</a>&nbsp;&nbsp;&nbsp;USART_Init
<LI><a href="#[30]">&gt;&gt;</a>&nbsp;&nbsp;&nbsp;OS_CPU_SysTickInit
<LI><a href="#[38]">&gt;&gt;</a>&nbsp;&nbsp;&nbsp;OSTimeDlyHMSM
<LI><a href="#[4d]">&gt;&gt;</a>&nbsp;&nbsp;&nbsp;__aeabi_idivmod
<LI><a href="#[28]">&gt;&gt;</a>&nbsp;&nbsp;&nbsp;OS_TaskStat
<LI><a href="#[d3]">&gt;&gt;</a>&nbsp;&nbsp;&nbsp;SystemCoreClockUpdate
<LI><a href="#[d1]">&gt;&gt;</a>&nbsp;&nbsp;&nbsp;I2S_Init
</UL>

<P><STRONG><a name="[191]"></a>__aeabi_idiv</STRONG> (Thumb, 0 bytes, Stack size 16 bytes, idiv.o(.text), UNUSED)

<P><STRONG><a name="[4d]"></a>__aeabi_idivmod</STRONG> (Thumb, 40 bytes, Stack size 16 bytes, idiv.o(.text))
<BR><BR>[Stack]<UL><LI>Max Depth = 28<LI>Call Chain = __aeabi_idivmod &rArr; __aeabi_uidivmod
</UL>
<BR>[Calls]<UL><LI><a href="#[ca]">&gt;&gt;</a>&nbsp;&nbsp;&nbsp;__aeabi_uidivmod
</UL>
<BR>[Called By]<UL><LI><a href="#[24]">&gt;&gt;</a>&nbsp;&nbsp;&nbsp;App_Task_SEC
</UL>

<P><STRONG><a name="[192]"></a>___aeabi_memcpy$move</STRONG> (Thumb, 64 bytes, Stack size 8 bytes, memmovea.o(.text), UNUSED)

<P><STRONG><a name="[193]"></a>___aeabi_memcpy4$move</STRONG> (Thumb, 0 bytes, Stack size 8 bytes, memmovea.o(.text), UNUSED)

<P><STRONG><a name="[194]"></a>___aeabi_memcpy8$move</STRONG> (Thumb, 0 bytes, Stack size 8 bytes, memmovea.o(.text), UNUSED)

<P><STRONG><a name="[65]"></a>__aeabi_memmove</STRONG> (Thumb, 0 bytes, Stack size 8 bytes, memmovea.o(.text))
<BR><BR>[Stack]<UL><LI>Max Depth = 8<LI>Call Chain = __aeabi_memmove
</UL>
<BR>[Called By]<UL><LI><a href="#[78]">&gt;&gt;</a>&nbsp;&nbsp;&nbsp;sim7600_send_umbrella_data
<LI><a href="#[76]">&gt;&gt;</a>&nbsp;&nbsp;&nbsp;sim7600_data_deal
<LI><a href="#[66]">&gt;&gt;</a>&nbsp;&nbsp;&nbsp;update_umbrella_info
<LI><a href="#[52]">&gt;&gt;</a>&nbsp;&nbsp;&nbsp;sim7600_send_lifesignal_data
<LI><a href="#[4a]">&gt;&gt;</a>&nbsp;&nbsp;&nbsp;get_umbrella_info
<LI><a href="#[4c]">&gt;&gt;</a>&nbsp;&nbsp;&nbsp;get_device_info
</UL>

<P><STRONG><a name="[195]"></a>__aeabi_memmove4</STRONG> (Thumb, 0 bytes, Stack size 8 bytes, memmovea.o(.text), UNUSED)

<P><STRONG><a name="[196]"></a>__aeabi_memmove8</STRONG> (Thumb, 0 bytes, Stack size 8 bytes, memmovea.o(.text), UNUSED)

<P><STRONG><a name="[10f]"></a>__aeabi_memset</STRONG> (Thumb, 14 bytes, Stack size 0 bytes, memseta.o(.text))
<BR><BR>[Called By]<UL><LI><a href="#[110]">&gt;&gt;</a>&nbsp;&nbsp;&nbsp;_memset$wrapper
<LI><a href="#[49]">&gt;&gt;</a>&nbsp;&nbsp;&nbsp;__aeabi_memclr
</UL>

<P><STRONG><a name="[197]"></a>__aeabi_memset4</STRONG> (Thumb, 0 bytes, Stack size 0 bytes, memseta.o(.text), UNUSED)

<P><STRONG><a name="[198]"></a>__aeabi_memset8</STRONG> (Thumb, 0 bytes, Stack size 0 bytes, memseta.o(.text), UNUSED)

<P><STRONG><a name="[49]"></a>__aeabi_memclr</STRONG> (Thumb, 4 bytes, Stack size 0 bytes, memseta.o(.text))
<BR><BR>[Calls]<UL><LI><a href="#[10f]">&gt;&gt;</a>&nbsp;&nbsp;&nbsp;__aeabi_memset
</UL>
<BR>[Called By]<UL><LI><a href="#[21]">&gt;&gt;</a>&nbsp;&nbsp;&nbsp;USART2_IRQHandler
<LI><a href="#[76]">&gt;&gt;</a>&nbsp;&nbsp;&nbsp;sim7600_data_deal
<LI><a href="#[24]">&gt;&gt;</a>&nbsp;&nbsp;&nbsp;App_Task_SEC
</UL>

<P><STRONG><a name="[64]"></a>__aeabi_memclr4</STRONG> (Thumb, 0 bytes, Stack size 0 bytes, memseta.o(.text))
<BR><BR>[Called By]<UL><LI><a href="#[79]">&gt;&gt;</a>&nbsp;&nbsp;&nbsp;usart_data_send
<LI><a href="#[67]">&gt;&gt;</a>&nbsp;&nbsp;&nbsp;gprs_protocol_data_send
<LI><a href="#[66]">&gt;&gt;</a>&nbsp;&nbsp;&nbsp;update_umbrella_info
<LI><a href="#[52]">&gt;&gt;</a>&nbsp;&nbsp;&nbsp;sim7600_send_lifesignal_data
<LI><a href="#[4a]">&gt;&gt;</a>&nbsp;&nbsp;&nbsp;get_umbrella_info
<LI><a href="#[4c]">&gt;&gt;</a>&nbsp;&nbsp;&nbsp;get_device_info
</UL>

<P><STRONG><a name="[199]"></a>__aeabi_memclr8</STRONG> (Thumb, 0 bytes, Stack size 0 bytes, memseta.o(.text), UNUSED)

<P><STRONG><a name="[110]"></a>_memset$wrapper</STRONG> (Thumb, 18 bytes, Stack size 8 bytes, memseta.o(.text), UNUSED)
<BR><BR>[Calls]<UL><LI><a href="#[10f]">&gt;&gt;</a>&nbsp;&nbsp;&nbsp;__aeabi_memset
</UL>

<P><STRONG><a name="[111]"></a>__aeabi_uldivmod</STRONG> (Thumb, 96 bytes, Stack size 48 bytes, uldiv.o(.text), UNUSED)
<BR><BR>[Calls]<UL><LI><a href="#[112]">&gt;&gt;</a>&nbsp;&nbsp;&nbsp;__aeabi_llsr
<LI><a href="#[113]">&gt;&gt;</a>&nbsp;&nbsp;&nbsp;__aeabi_llsl
</UL>
<BR>[Called By]<UL><LI><a href="#[116]">&gt;&gt;</a>&nbsp;&nbsp;&nbsp;_printf_core
</UL>

<P><STRONG><a name="[2e]"></a>__scatterload</STRONG> (Thumb, 28 bytes, Stack size 0 bytes, init.o(.text))
<BR><BR>[Calls]<UL><LI><a href="#[114]">&gt;&gt;</a>&nbsp;&nbsp;&nbsp;__main_after_scatterload
</UL>
<BR>[Called By]<UL><LI><a href="#[2d]">&gt;&gt;</a>&nbsp;&nbsp;&nbsp;_main_scatterload
</UL>

<P><STRONG><a name="[19a]"></a>__scatterload_rt2</STRONG> (Thumb, 0 bytes, Stack size 0 bytes, init.o(.text), UNUSED)

<P><STRONG><a name="[113]"></a>__aeabi_llsl</STRONG> (Thumb, 32 bytes, Stack size 8 bytes, llshl.o(.text), UNUSED)
<BR><BR>[Called By]<UL><LI><a href="#[111]">&gt;&gt;</a>&nbsp;&nbsp;&nbsp;__aeabi_uldivmod
</UL>

<P><STRONG><a name="[19b]"></a>_ll_shift_l</STRONG> (Thumb, 0 bytes, Stack size 8 bytes, llshl.o(.text), UNUSED)

<P><STRONG><a name="[112]"></a>__aeabi_llsr</STRONG> (Thumb, 34 bytes, Stack size 8 bytes, llushr.o(.text), UNUSED)
<BR><BR>[Called By]<UL><LI><a href="#[111]">&gt;&gt;</a>&nbsp;&nbsp;&nbsp;__aeabi_uldivmod
</UL>

<P><STRONG><a name="[19c]"></a>_ll_ushift_r</STRONG> (Thumb, 0 bytes, Stack size 8 bytes, llushr.o(.text), UNUSED)

<P><STRONG><a name="[115]"></a>__0printf$5</STRONG> (Thumb, 24 bytes, Stack size 24 bytes, printf5.o(i.__0printf$5), UNUSED)
<BR><BR>[Calls]<UL><LI><a href="#[116]">&gt;&gt;</a>&nbsp;&nbsp;&nbsp;_printf_core
</UL>

<P><STRONG><a name="[19d]"></a>__1printf$5</STRONG> (Thumb, 0 bytes, Stack size 24 bytes, printf5.o(i.__0printf$5), UNUSED)

<P><STRONG><a name="[4b]"></a>__2printf</STRONG> (Thumb, 0 bytes, Stack size 24 bytes, printf5.o(i.__0printf$5))
<BR><BR>[Stack]<UL><LI>Max Depth = 24<LI>Call Chain = __2printf
</UL>
<BR>[Called By]<UL><LI><a href="#[84]">&gt;&gt;</a>&nbsp;&nbsp;&nbsp;ShowID
<LI><a href="#[68]">&gt;&gt;</a>&nbsp;&nbsp;&nbsp;usart_4g_send_data
<LI><a href="#[75]">&gt;&gt;</a>&nbsp;&nbsp;&nbsp;sim7600ce_config
<LI><a href="#[78]">&gt;&gt;</a>&nbsp;&nbsp;&nbsp;sim7600_send_umbrella_data
<LI><a href="#[76]">&gt;&gt;</a>&nbsp;&nbsp;&nbsp;sim7600_data_deal
<LI><a href="#[6d]">&gt;&gt;</a>&nbsp;&nbsp;&nbsp;protocol_deal
<LI><a href="#[48]">&gt;&gt;</a>&nbsp;&nbsp;&nbsp;spiflash_test
<LI><a href="#[50]">&gt;&gt;</a>&nbsp;&nbsp;&nbsp;spi_nfc_read_func
<LI><a href="#[4f]">&gt;&gt;</a>&nbsp;&nbsp;&nbsp;sim7600_stat_check
<LI><a href="#[51]">&gt;&gt;</a>&nbsp;&nbsp;&nbsp;sim7600_send_register_data
<LI><a href="#[4c]">&gt;&gt;</a>&nbsp;&nbsp;&nbsp;get_device_info
<LI><a href="#[24]">&gt;&gt;</a>&nbsp;&nbsp;&nbsp;App_Task_SEC
<LI><a href="#[25]">&gt;&gt;</a>&nbsp;&nbsp;&nbsp;App_Task_4G
</UL>

<P><STRONG><a name="[6e]"></a>__ARM_common_switch8</STRONG> (Thumb, 28 bytes, Stack size 8 bytes, gprs_protocol_app.o(i.__ARM_common_switch8))
<BR><BR>[Stack]<UL><LI>Max Depth = 8<LI>Call Chain = __ARM_common_switch8
</UL>
<BR>[Called By]<UL><LI><a href="#[6d]">&gt;&gt;</a>&nbsp;&nbsp;&nbsp;protocol_deal
</UL>

<P><STRONG><a name="[19e]"></a>__scatterload_copy</STRONG> (Thumb, 14 bytes, Stack size unknown bytes, handlers.o(i.__scatterload_copy), UNUSED)

<P><STRONG><a name="[19f]"></a>__scatterload_null</STRONG> (Thumb, 2 bytes, Stack size unknown bytes, handlers.o(i.__scatterload_null), UNUSED)

<P><STRONG><a name="[1a0]"></a>__scatterload_zeroinit</STRONG> (Thumb, 14 bytes, Stack size unknown bytes, handlers.o(i.__scatterload_zeroinit), UNUSED)
<P>
<H3>
Local Symbols
</H3>
<P><STRONG><a name="[36]"></a>App_Task_LED1</STRONG> (Thumb, 50 bytes, Stack size 0 bytes, main.o(.text), UNUSED)
<BR><BR>[Calls]<UL><LI><a href="#[38]">&gt;&gt;</a>&nbsp;&nbsp;&nbsp;OSTimeDlyHMSM
<LI><a href="#[37]">&gt;&gt;</a>&nbsp;&nbsp;&nbsp;LED_On
<LI><a href="#[39]">&gt;&gt;</a>&nbsp;&nbsp;&nbsp;LED_Off
</UL>

<P><STRONG><a name="[3a]"></a>App_Task_LED2</STRONG> (Thumb, 38 bytes, Stack size 0 bytes, main.o(.text), UNUSED)
<BR><BR>[Calls]<UL><LI><a href="#[3b]">&gt;&gt;</a>&nbsp;&nbsp;&nbsp;OSTimeDly
<LI><a href="#[37]">&gt;&gt;</a>&nbsp;&nbsp;&nbsp;LED_On
<LI><a href="#[39]">&gt;&gt;</a>&nbsp;&nbsp;&nbsp;LED_Off
</UL>

<P><STRONG><a name="[9c]"></a>SFLASH_WriteEnable</STRONG> (Thumb, 30 bytes, Stack size 8 bytes, w25qxx.o(.text))
<BR><BR>[Stack]<UL><LI>Max Depth = 16<LI>Call Chain = SFLASH_WriteEnable &rArr; SPI_WriteReadByte
</UL>
<BR>[Calls]<UL><LI><a href="#[7b]">&gt;&gt;</a>&nbsp;&nbsp;&nbsp;GPIO_ResetBits
<LI><a href="#[5c]">&gt;&gt;</a>&nbsp;&nbsp;&nbsp;GPIO_SetBits
<LI><a href="#[5d]">&gt;&gt;</a>&nbsp;&nbsp;&nbsp;SPI_WriteReadByte
</UL>
<BR>[Called By]<UL><LI><a href="#[a5]">&gt;&gt;</a>&nbsp;&nbsp;&nbsp;SFLASH_EraseChip
<LI><a href="#[a4]">&gt;&gt;</a>&nbsp;&nbsp;&nbsp;SFLASH_EraseBlock
<LI><a href="#[9f]">&gt;&gt;</a>&nbsp;&nbsp;&nbsp;SFLASH_WriteSR
<LI><a href="#[62]">&gt;&gt;</a>&nbsp;&nbsp;&nbsp;SFLASH_WritePage
<LI><a href="#[61]">&gt;&gt;</a>&nbsp;&nbsp;&nbsp;SFLASH_EraseSector
</UL>

<P><STRONG><a name="[9d]"></a>SFLASH_WriteDisable</STRONG> (Thumb, 30 bytes, Stack size 8 bytes, w25qxx.o(.text), UNUSED)
<BR><BR>[Calls]<UL><LI><a href="#[7b]">&gt;&gt;</a>&nbsp;&nbsp;&nbsp;GPIO_ResetBits
<LI><a href="#[5c]">&gt;&gt;</a>&nbsp;&nbsp;&nbsp;GPIO_SetBits
<LI><a href="#[5d]">&gt;&gt;</a>&nbsp;&nbsp;&nbsp;SPI_WriteReadByte
</UL>
<BR>[Called By]<UL><LI><a href="#[a3]">&gt;&gt;</a>&nbsp;&nbsp;&nbsp;SFLASH_WriteNByte
</UL>

<P><STRONG><a name="[d2]"></a>SetSysClock</STRONG> (Thumb, 126 bytes, Stack size 12 bytes, system_stm32f0xx.o(.text))
<BR><BR>[Stack]<UL><LI>Max Depth = 12<LI>Call Chain = SetSysClock
</UL>
<BR>[Called By]<UL><LI><a href="#[26]">&gt;&gt;</a>&nbsp;&nbsp;&nbsp;SystemInit
</UL>

<P><STRONG><a name="[da]"></a>OS_InitTaskStat</STRONG> (Thumb, 48 bytes, Stack size 32 bytes, os_core.o(.text))
<BR><BR>[Stack]<UL><LI>Max Depth = 128 + Unknown Stack Size
<LI>Call Chain = OS_InitTaskStat &rArr; OSTaskCreateExt &rArr; OS_TCBInit
</UL>
<BR>[Calls]<UL><LI><a href="#[dc]">&gt;&gt;</a>&nbsp;&nbsp;&nbsp;OSTaskNameSet
<LI><a href="#[db]">&gt;&gt;</a>&nbsp;&nbsp;&nbsp;OSTaskCreateExt
</UL>
<BR>[Called By]<UL><LI><a href="#[2f]">&gt;&gt;</a>&nbsp;&nbsp;&nbsp;OSInit
</UL>

<P><STRONG><a name="[de]"></a>OS_InitTaskIdle</STRONG> (Thumb, 50 bytes, Stack size 32 bytes, os_core.o(.text))
<BR><BR>[Stack]<UL><LI>Max Depth = 128 + Unknown Stack Size
<LI>Call Chain = OS_InitTaskIdle &rArr; OSTaskCreateExt &rArr; OS_TCBInit
</UL>
<BR>[Calls]<UL><LI><a href="#[dc]">&gt;&gt;</a>&nbsp;&nbsp;&nbsp;OSTaskNameSet
<LI><a href="#[db]">&gt;&gt;</a>&nbsp;&nbsp;&nbsp;OSTaskCreateExt
</UL>
<BR>[Called By]<UL><LI><a href="#[2f]">&gt;&gt;</a>&nbsp;&nbsp;&nbsp;OSInit
</UL>

<P><STRONG><a name="[df]"></a>OS_InitEventList</STRONG> (Thumb, 68 bytes, Stack size 16 bytes, os_core.o(.text))
<BR><BR>[Stack]<UL><LI>Max Depth = 16<LI>Call Chain = OS_InitEventList
</UL>
<BR>[Calls]<UL><LI><a href="#[e0]">&gt;&gt;</a>&nbsp;&nbsp;&nbsp;OS_MemClr
</UL>
<BR>[Called By]<UL><LI><a href="#[2f]">&gt;&gt;</a>&nbsp;&nbsp;&nbsp;OSInit
</UL>

<P><STRONG><a name="[e1]"></a>OS_InitTCBList</STRONG> (Thumb, 88 bytes, Stack size 16 bytes, os_core.o(.text))
<BR><BR>[Stack]<UL><LI>Max Depth = 16<LI>Call Chain = OS_InitTCBList
</UL>
<BR>[Calls]<UL><LI><a href="#[e0]">&gt;&gt;</a>&nbsp;&nbsp;&nbsp;OS_MemClr
</UL>
<BR>[Called By]<UL><LI><a href="#[2f]">&gt;&gt;</a>&nbsp;&nbsp;&nbsp;OSInit
</UL>

<P><STRONG><a name="[e4]"></a>OS_InitRdyList</STRONG> (Thumb, 44 bytes, Stack size 0 bytes, os_core.o(.text))
<BR><BR>[Called By]<UL><LI><a href="#[2f]">&gt;&gt;</a>&nbsp;&nbsp;&nbsp;OSInit
</UL>

<P><STRONG><a name="[e3]"></a>OS_InitMisc</STRONG> (Thumb, 44 bytes, Stack size 0 bytes, os_core.o(.text))
<BR><BR>[Called By]<UL><LI><a href="#[2f]">&gt;&gt;</a>&nbsp;&nbsp;&nbsp;OSInit
</UL>

<P><STRONG><a name="[e6]"></a>OS_SchedNew</STRONG> (Thumb, 26 bytes, Stack size 0 bytes, os_core.o(.text))
<BR><BR>[Called By]<UL><LI><a href="#[35]">&gt;&gt;</a>&nbsp;&nbsp;&nbsp;OSStart
<LI><a href="#[e9]">&gt;&gt;</a>&nbsp;&nbsp;&nbsp;OS_Sched
<LI><a href="#[2b]">&gt;&gt;</a>&nbsp;&nbsp;&nbsp;OSIntExit
</UL>

<P><STRONG><a name="[116]"></a>_printf_core</STRONG> (Thumb, 688 bytes, Stack size 96 bytes, printf5.o(i._printf_core), UNUSED)
<BR><BR>[Calls]<UL><LI><a href="#[111]">&gt;&gt;</a>&nbsp;&nbsp;&nbsp;__aeabi_uldivmod
</UL>
<BR>[Called By]<UL><LI><a href="#[115]">&gt;&gt;</a>&nbsp;&nbsp;&nbsp;__0printf$5
</UL>
<P>
<H3>
Undefined Global Symbols
</H3><HR></body></html>
