<html>
<body>
<pre>
<h1>µVision Build Log</h1>
<h2>Tool Versions:</h2>
IDE-Version: ¶ÃVision V5.14.0.0
Copyright (C) 2015 ARM Ltd and ARM Germany GmbH. All rights reserved.
License Information: DD DD, DD, LIC=ZB456-DCR71-LCZJF-6DZWJ-1VVYT-LE13M
 
Tool Versions:
Toolchain:       MDK-ARM Standard  Version: 5.14.0.0
Toolchain Path:  D:\Keil_v5\ARM\ARMCC\Bin
C Compiler:      Armcc.exe V5.05 update 1 (build 106)
Assembler:       Armasm.exe V5.05 update 1 (build 106)
Linker/Locator:  ArmLink.exe V5.05 update 1 (build 106)
Library Manager: ArmAr.exe V5.05 update 1 (build 106)
Hex Converter:   FromElf.exe V5.05 update 1 (build 106)
CPU DLL:         SARMCM3.DLL V5.14.0.0
Dialog DLL:      DARMCM1.DLL V1.12.0.0
Target DLL:      STLink\ST-LINKIII-KEIL_SWO.dll V2.0.14.0_KEIL
Dialog DLL:      TARMCM1.DLL V1.9.0.0
 
<h2>Project:</h2>
E:\zhouchao\IOT-WORK\IOT-1-π≤œÌ”Í…°\»Ìº˛≥Ã–Ú\IOT-GXYS\IOT-GXYS-ucosii\Project\Project.uvprojx
Project File Date:  05/28/2019

<h2>Output:</h2>
Build target 'Project'
compiling gprs_protocol_app.c...
..\User\app\gprs_protocol_app.c(88): warning:  #223-D: function "printf" declared implicitly
                                printf("4g config over\r\n");
..\User\app\gprs_protocol_app.c(92): warning:  #223-D: function "printf" declared implicitly
                                printf("4g work err\r\n");
..\User\app\gprs_protocol_app.c(100): warning:  #223-D: function "printf" declared implicitly
                printf("4g err\r\n");
..\User\app\gprs_protocol_app.c(116): warning:  #223-D: function "printf" declared implicitly
        printf("recv data:\r\n");
..\User\app\gprs_protocol_app.c(215): warning:  #223-D: function "printf" declared implicitly
                printf("umbrella_data err\r\n");
..\User\app\gprs_protocol_app.c(232): warning:  #223-D: function "printf" declared implicitly
                printf("register_data err\r\n");
..\User\app\gprs_protocol_app.c: 6 warnings, 0 errors
linking...
Program Size: Code=19952 RO-data=548 RW-data=124 ZI-data=6380  
FromELF: creating hex file...
".\Output\Project.axf" - 0 Error(s), 6 Warning(s).

<h2>Collection of Component include folders:</h2>
  E:\zhouchao\IOT-WORK\IOT-1-π≤œÌ”Í…°\»Ìº˛≥Ã–Ú\IOT-GXYS\IOT-GXYS-ucosii\Project\RTE
  D:\Keil_v5\ARM\PACK\Keil\STM32F0xx_DFP\2.0.0

<h2>Collection of Component Files used:</h2>
</pre>
</body>
</html>
